// Jest Snapshot v1, https://goo.gl/fbAQLP

exports[`formatDistanceToNow should format future dates 1`] = `
[
  "1 min",
  "1 min",
  "20 mins",
  "1 hr",
  "1 days",
  "1 mos",
  "1 yr",
  "8 mos",
]
`;

exports[`formatDistanceToNow should format past dates 1`] = `
[
  "1 min",
  "1 min",
  "20 mins",
  "1 hr",
  "1 days",
  "1 mos",
  "1 yr",
  "8 mos",
]
`;
