// Jest Snapshot v1, https://goo.gl/fbAQLP

exports[`RoundedBalance should match snapshot {
  compactLargeNumbers: false,
  showSign: false,
  tickerAsLink: false,
  ticker: 'wROSE',
  tokenAddress: '0x8Bc2B030b299964eEfb5e1e0b36991352E56D2D3',
  value: '-0.0047956'
} 1`] = `"-0.00479… wROSE "`;

exports[`RoundedBalance should match snapshot {
  compactLargeNumbers: false,
  showSign: false,
  tickerAsLink: false,
  ticker: 'wROSE',
  tokenAddress: '0x8Bc2B030b299964eEfb5e1e0b36991352E56D2D3',
  value: '0.00000000000002231'
} 1`] = `"< 0.00000 wROSE "`;

exports[`RoundedBalance should match snapshot {
  compactLargeNumbers: false,
  showSign: false,
  tickerAsLink: false,
  ticker: 'wROSE',
  tokenAddress: '0x8Bc2B030b299964eEfb5e1e0b36991352E56D2D3',
  value: '0.002231'
} 1`] = `"0.00223… wROSE "`;

exports[`RoundedBalance should match snapshot {
  compactLargeNumbers: false,
  showSign: false,
  tickerAsLink: false,
  ticker: 'wROSE',
  tokenAddress: '0x8Bc2B030b299964eEfb5e1e0b36991352E56D2D3',
  value: '5'
} 1`] = `"5 wROSE "`;

exports[`RoundedBalance should match snapshot {
  compactLargeNumbers: false,
  showSign: false,
  tickerAsLink: false,
  ticker: 'wROSE',
  tokenAddress: '0x8Bc2B030b299964eEfb5e1e0b36991352E56D2D3',
  value: '15000000'
} 1`] = `"15,000,000 wROSE "`;

exports[`RoundedBalance should match snapshot {
  compactLargeNumbers: false,
  showSign: false,
  tickerAsLink: false,
  ticker: 'wROSE',
  tokenAddress: undefined,
  value: '-0.0047956'
} 1`] = `"-0.00479… wROSE "`;

exports[`RoundedBalance should match snapshot {
  compactLargeNumbers: false,
  showSign: false,
  tickerAsLink: false,
  ticker: 'wROSE',
  tokenAddress: undefined,
  value: '0.00000000000002231'
} 1`] = `"< 0.00000 wROSE "`;

exports[`RoundedBalance should match snapshot {
  compactLargeNumbers: false,
  showSign: false,
  tickerAsLink: false,
  ticker: 'wROSE',
  tokenAddress: undefined,
  value: '0.002231'
} 1`] = `"0.00223… wROSE "`;

exports[`RoundedBalance should match snapshot {
  compactLargeNumbers: false,
  showSign: false,
  tickerAsLink: false,
  ticker: 'wROSE',
  tokenAddress: undefined,
  value: '5'
} 1`] = `"5 wROSE "`;

exports[`RoundedBalance should match snapshot {
  compactLargeNumbers: false,
  showSign: false,
  tickerAsLink: false,
  ticker: 'wROSE',
  tokenAddress: undefined,
  value: '15000000'
} 1`] = `"15,000,000 wROSE "`;

exports[`RoundedBalance should match snapshot {
  compactLargeNumbers: false,
  showSign: false,
  tickerAsLink: false,
  ticker: undefined,
  tokenAddress: '0x8Bc2B030b299964eEfb5e1e0b36991352E56D2D3',
  value: '-0.0047956'
} 1`] = `"-0.00479…  "`;

exports[`RoundedBalance should match snapshot {
  compactLargeNumbers: false,
  showSign: false,
  tickerAsLink: false,
  ticker: undefined,
  tokenAddress: '0x8Bc2B030b299964eEfb5e1e0b36991352E56D2D3',
  value: '0.00000000000002231'
} 1`] = `"< 0.00000  "`;

exports[`RoundedBalance should match snapshot {
  compactLargeNumbers: false,
  showSign: false,
  tickerAsLink: false,
  ticker: undefined,
  tokenAddress: '0x8Bc2B030b299964eEfb5e1e0b36991352E56D2D3',
  value: '0.002231'
} 1`] = `"0.00223…  "`;

exports[`RoundedBalance should match snapshot {
  compactLargeNumbers: false,
  showSign: false,
  tickerAsLink: false,
  ticker: undefined,
  tokenAddress: '0x8Bc2B030b299964eEfb5e1e0b36991352E56D2D3',
  value: '5'
} 1`] = `"5  "`;

exports[`RoundedBalance should match snapshot {
  compactLargeNumbers: false,
  showSign: false,
  tickerAsLink: false,
  ticker: undefined,
  tokenAddress: '0x8Bc2B030b299964eEfb5e1e0b36991352E56D2D3',
  value: '15000000'
} 1`] = `"15,000,000  "`;

exports[`RoundedBalance should match snapshot {
  compactLargeNumbers: false,
  showSign: false,
  tickerAsLink: false,
  ticker: undefined,
  tokenAddress: undefined,
  value: '-0.0047956'
} 1`] = `"-0.00479…  "`;

exports[`RoundedBalance should match snapshot {
  compactLargeNumbers: false,
  showSign: false,
  tickerAsLink: false,
  ticker: undefined,
  tokenAddress: undefined,
  value: '0.00000000000002231'
} 1`] = `"< 0.00000  "`;

exports[`RoundedBalance should match snapshot {
  compactLargeNumbers: false,
  showSign: false,
  tickerAsLink: false,
  ticker: undefined,
  tokenAddress: undefined,
  value: '0.002231'
} 1`] = `"0.00223…  "`;

exports[`RoundedBalance should match snapshot {
  compactLargeNumbers: false,
  showSign: false,
  tickerAsLink: false,
  ticker: undefined,
  tokenAddress: undefined,
  value: '5'
} 1`] = `"5  "`;

exports[`RoundedBalance should match snapshot {
  compactLargeNumbers: false,
  showSign: false,
  tickerAsLink: false,
  ticker: undefined,
  tokenAddress: undefined,
  value: '15000000'
} 1`] = `"15,000,000  "`;

exports[`RoundedBalance should match snapshot {
  compactLargeNumbers: false,
  showSign: false,
  tickerAsLink: true,
  ticker: 'wROSE',
  tokenAddress: '0x8Bc2B030b299964eEfb5e1e0b36991352E56D2D3',
  value: '-0.0047956'
} 1`] = `"-0.00479… wROSE http://localhost/mainnet/sapphire/token/0x8Bc2B030b299964eEfb5e1e0b36991352E56D2D3"`;

exports[`RoundedBalance should match snapshot {
  compactLargeNumbers: false,
  showSign: false,
  tickerAsLink: true,
  ticker: 'wROSE',
  tokenAddress: '0x8Bc2B030b299964eEfb5e1e0b36991352E56D2D3',
  value: '0.00000000000002231'
} 1`] = `"< 0.00000 wROSE http://localhost/mainnet/sapphire/token/0x8Bc2B030b299964eEfb5e1e0b36991352E56D2D3"`;

exports[`RoundedBalance should match snapshot {
  compactLargeNumbers: false,
  showSign: false,
  tickerAsLink: true,
  ticker: 'wROSE',
  tokenAddress: '0x8Bc2B030b299964eEfb5e1e0b36991352E56D2D3',
  value: '0.002231'
} 1`] = `"0.00223… wROSE http://localhost/mainnet/sapphire/token/0x8Bc2B030b299964eEfb5e1e0b36991352E56D2D3"`;

exports[`RoundedBalance should match snapshot {
  compactLargeNumbers: false,
  showSign: false,
  tickerAsLink: true,
  ticker: 'wROSE',
  tokenAddress: '0x8Bc2B030b299964eEfb5e1e0b36991352E56D2D3',
  value: '5'
} 1`] = `"5 wROSE http://localhost/mainnet/sapphire/token/0x8Bc2B030b299964eEfb5e1e0b36991352E56D2D3"`;

exports[`RoundedBalance should match snapshot {
  compactLargeNumbers: false,
  showSign: false,
  tickerAsLink: true,
  ticker: 'wROSE',
  tokenAddress: '0x8Bc2B030b299964eEfb5e1e0b36991352E56D2D3',
  value: '15000000'
} 1`] = `"15,000,000 wROSE http://localhost/mainnet/sapphire/token/0x8Bc2B030b299964eEfb5e1e0b36991352E56D2D3"`;

exports[`RoundedBalance should match snapshot {
  compactLargeNumbers: false,
  showSign: false,
  tickerAsLink: true,
  ticker: 'wROSE',
  tokenAddress: undefined,
  value: '-0.0047956'
} 1`] = `"-0.00479… wROSE "`;

exports[`RoundedBalance should match snapshot {
  compactLargeNumbers: false,
  showSign: false,
  tickerAsLink: true,
  ticker: 'wROSE',
  tokenAddress: undefined,
  value: '0.00000000000002231'
} 1`] = `"< 0.00000 wROSE "`;

exports[`RoundedBalance should match snapshot {
  compactLargeNumbers: false,
  showSign: false,
  tickerAsLink: true,
  ticker: 'wROSE',
  tokenAddress: undefined,
  value: '0.002231'
} 1`] = `"0.00223… wROSE "`;

exports[`RoundedBalance should match snapshot {
  compactLargeNumbers: false,
  showSign: false,
  tickerAsLink: true,
  ticker: 'wROSE',
  tokenAddress: undefined,
  value: '5'
} 1`] = `"5 wROSE "`;

exports[`RoundedBalance should match snapshot {
  compactLargeNumbers: false,
  showSign: false,
  tickerAsLink: true,
  ticker: 'wROSE',
  tokenAddress: undefined,
  value: '15000000'
} 1`] = `"15,000,000 wROSE "`;

exports[`RoundedBalance should match snapshot {
  compactLargeNumbers: false,
  showSign: false,
  tickerAsLink: true,
  ticker: undefined,
  tokenAddress: '0x8Bc2B030b299964eEfb5e1e0b36991352E56D2D3',
  value: '-0.0047956'
} 1`] = `"-0.00479… 0x8Bc2B030b299964eEfb5e1e0b36991352E56D2D3 http://localhost/mainnet/sapphire/token/0x8Bc2B030b299964eEfb5e1e0b36991352E56D2D3"`;

exports[`RoundedBalance should match snapshot {
  compactLargeNumbers: false,
  showSign: false,
  tickerAsLink: true,
  ticker: undefined,
  tokenAddress: '0x8Bc2B030b299964eEfb5e1e0b36991352E56D2D3',
  value: '0.00000000000002231'
} 1`] = `"< 0.00000 0x8Bc2B030b299964eEfb5e1e0b36991352E56D2D3 http://localhost/mainnet/sapphire/token/0x8Bc2B030b299964eEfb5e1e0b36991352E56D2D3"`;

exports[`RoundedBalance should match snapshot {
  compactLargeNumbers: false,
  showSign: false,
  tickerAsLink: true,
  ticker: undefined,
  tokenAddress: '0x8Bc2B030b299964eEfb5e1e0b36991352E56D2D3',
  value: '0.002231'
} 1`] = `"0.00223… 0x8Bc2B030b299964eEfb5e1e0b36991352E56D2D3 http://localhost/mainnet/sapphire/token/0x8Bc2B030b299964eEfb5e1e0b36991352E56D2D3"`;

exports[`RoundedBalance should match snapshot {
  compactLargeNumbers: false,
  showSign: false,
  tickerAsLink: true,
  ticker: undefined,
  tokenAddress: '0x8Bc2B030b299964eEfb5e1e0b36991352E56D2D3',
  value: '5'
} 1`] = `"5 0x8Bc2B030b299964eEfb5e1e0b36991352E56D2D3 http://localhost/mainnet/sapphire/token/0x8Bc2B030b299964eEfb5e1e0b36991352E56D2D3"`;

exports[`RoundedBalance should match snapshot {
  compactLargeNumbers: false,
  showSign: false,
  tickerAsLink: true,
  ticker: undefined,
  tokenAddress: '0x8Bc2B030b299964eEfb5e1e0b36991352E56D2D3',
  value: '15000000'
} 1`] = `"15,000,000 0x8Bc2B030b299964eEfb5e1e0b36991352E56D2D3 http://localhost/mainnet/sapphire/token/0x8Bc2B030b299964eEfb5e1e0b36991352E56D2D3"`;

exports[`RoundedBalance should match snapshot {
  compactLargeNumbers: false,
  showSign: false,
  tickerAsLink: true,
  ticker: undefined,
  tokenAddress: undefined,
  value: '-0.0047956'
} 1`] = `"-0.00479…  "`;

exports[`RoundedBalance should match snapshot {
  compactLargeNumbers: false,
  showSign: false,
  tickerAsLink: true,
  ticker: undefined,
  tokenAddress: undefined,
  value: '0.00000000000002231'
} 1`] = `"< 0.00000  "`;

exports[`RoundedBalance should match snapshot {
  compactLargeNumbers: false,
  showSign: false,
  tickerAsLink: true,
  ticker: undefined,
  tokenAddress: undefined,
  value: '0.002231'
} 1`] = `"0.00223…  "`;

exports[`RoundedBalance should match snapshot {
  compactLargeNumbers: false,
  showSign: false,
  tickerAsLink: true,
  ticker: undefined,
  tokenAddress: undefined,
  value: '5'
} 1`] = `"5  "`;

exports[`RoundedBalance should match snapshot {
  compactLargeNumbers: false,
  showSign: false,
  tickerAsLink: true,
  ticker: undefined,
  tokenAddress: undefined,
  value: '15000000'
} 1`] = `"15,000,000  "`;

exports[`RoundedBalance should match snapshot {
  compactLargeNumbers: false,
  showSign: true,
  tickerAsLink: false,
  ticker: 'wROSE',
  tokenAddress: '0x8Bc2B030b299964eEfb5e1e0b36991352E56D2D3',
  value: '-0.0047956'
} 1`] = `"-0.00479… wROSE "`;

exports[`RoundedBalance should match snapshot {
  compactLargeNumbers: false,
  showSign: true,
  tickerAsLink: false,
  ticker: 'wROSE',
  tokenAddress: '0x8Bc2B030b299964eEfb5e1e0b36991352E56D2D3',
  value: '0.00000000000002231'
} 1`] = `"< +0.00000 wROSE "`;

exports[`RoundedBalance should match snapshot {
  compactLargeNumbers: false,
  showSign: true,
  tickerAsLink: false,
  ticker: 'wROSE',
  tokenAddress: '0x8Bc2B030b299964eEfb5e1e0b36991352E56D2D3',
  value: '0.002231'
} 1`] = `"+0.00223… wROSE "`;

exports[`RoundedBalance should match snapshot {
  compactLargeNumbers: false,
  showSign: true,
  tickerAsLink: false,
  ticker: 'wROSE',
  tokenAddress: '0x8Bc2B030b299964eEfb5e1e0b36991352E56D2D3',
  value: '5'
} 1`] = `"+5 wROSE "`;

exports[`RoundedBalance should match snapshot {
  compactLargeNumbers: false,
  showSign: true,
  tickerAsLink: false,
  ticker: 'wROSE',
  tokenAddress: '0x8Bc2B030b299964eEfb5e1e0b36991352E56D2D3',
  value: '15000000'
} 1`] = `"+15,000,000 wROSE "`;

exports[`RoundedBalance should match snapshot {
  compactLargeNumbers: false,
  showSign: true,
  tickerAsLink: false,
  ticker: 'wROSE',
  tokenAddress: undefined,
  value: '-0.0047956'
} 1`] = `"-0.00479… wROSE "`;

exports[`RoundedBalance should match snapshot {
  compactLargeNumbers: false,
  showSign: true,
  tickerAsLink: false,
  ticker: 'wROSE',
  tokenAddress: undefined,
  value: '0.00000000000002231'
} 1`] = `"< +0.00000 wROSE "`;

exports[`RoundedBalance should match snapshot {
  compactLargeNumbers: false,
  showSign: true,
  tickerAsLink: false,
  ticker: 'wROSE',
  tokenAddress: undefined,
  value: '0.002231'
} 1`] = `"+0.00223… wROSE "`;

exports[`RoundedBalance should match snapshot {
  compactLargeNumbers: false,
  showSign: true,
  tickerAsLink: false,
  ticker: 'wROSE',
  tokenAddress: undefined,
  value: '5'
} 1`] = `"+5 wROSE "`;

exports[`RoundedBalance should match snapshot {
  compactLargeNumbers: false,
  showSign: true,
  tickerAsLink: false,
  ticker: 'wROSE',
  tokenAddress: undefined,
  value: '15000000'
} 1`] = `"+15,000,000 wROSE "`;

exports[`RoundedBalance should match snapshot {
  compactLargeNumbers: false,
  showSign: true,
  tickerAsLink: false,
  ticker: undefined,
  tokenAddress: '0x8Bc2B030b299964eEfb5e1e0b36991352E56D2D3',
  value: '-0.0047956'
} 1`] = `"-0.00479…  "`;

exports[`RoundedBalance should match snapshot {
  compactLargeNumbers: false,
  showSign: true,
  tickerAsLink: false,
  ticker: undefined,
  tokenAddress: '0x8Bc2B030b299964eEfb5e1e0b36991352E56D2D3',
  value: '0.00000000000002231'
} 1`] = `"< +0.00000  "`;

exports[`RoundedBalance should match snapshot {
  compactLargeNumbers: false,
  showSign: true,
  tickerAsLink: false,
  ticker: undefined,
  tokenAddress: '0x8Bc2B030b299964eEfb5e1e0b36991352E56D2D3',
  value: '0.002231'
} 1`] = `"+0.00223…  "`;

exports[`RoundedBalance should match snapshot {
  compactLargeNumbers: false,
  showSign: true,
  tickerAsLink: false,
  ticker: undefined,
  tokenAddress: '0x8Bc2B030b299964eEfb5e1e0b36991352E56D2D3',
  value: '5'
} 1`] = `"+5  "`;

exports[`RoundedBalance should match snapshot {
  compactLargeNumbers: false,
  showSign: true,
  tickerAsLink: false,
  ticker: undefined,
  tokenAddress: '0x8Bc2B030b299964eEfb5e1e0b36991352E56D2D3',
  value: '15000000'
} 1`] = `"+15,000,000  "`;

exports[`RoundedBalance should match snapshot {
  compactLargeNumbers: false,
  showSign: true,
  tickerAsLink: false,
  ticker: undefined,
  tokenAddress: undefined,
  value: '-0.0047956'
} 1`] = `"-0.00479…  "`;

exports[`RoundedBalance should match snapshot {
  compactLargeNumbers: false,
  showSign: true,
  tickerAsLink: false,
  ticker: undefined,
  tokenAddress: undefined,
  value: '0.00000000000002231'
} 1`] = `"< +0.00000  "`;

exports[`RoundedBalance should match snapshot {
  compactLargeNumbers: false,
  showSign: true,
  tickerAsLink: false,
  ticker: undefined,
  tokenAddress: undefined,
  value: '0.002231'
} 1`] = `"+0.00223…  "`;

exports[`RoundedBalance should match snapshot {
  compactLargeNumbers: false,
  showSign: true,
  tickerAsLink: false,
  ticker: undefined,
  tokenAddress: undefined,
  value: '5'
} 1`] = `"+5  "`;

exports[`RoundedBalance should match snapshot {
  compactLargeNumbers: false,
  showSign: true,
  tickerAsLink: false,
  ticker: undefined,
  tokenAddress: undefined,
  value: '15000000'
} 1`] = `"+15,000,000  "`;

exports[`RoundedBalance should match snapshot {
  compactLargeNumbers: false,
  showSign: true,
  tickerAsLink: true,
  ticker: 'wROSE',
  tokenAddress: '0x8Bc2B030b299964eEfb5e1e0b36991352E56D2D3',
  value: '-0.0047956'
} 1`] = `"-0.00479… wROSE http://localhost/mainnet/sapphire/token/0x8Bc2B030b299964eEfb5e1e0b36991352E56D2D3"`;

exports[`RoundedBalance should match snapshot {
  compactLargeNumbers: false,
  showSign: true,
  tickerAsLink: true,
  ticker: 'wROSE',
  tokenAddress: '0x8Bc2B030b299964eEfb5e1e0b36991352E56D2D3',
  value: '0.00000000000002231'
} 1`] = `"< +0.00000 wROSE http://localhost/mainnet/sapphire/token/0x8Bc2B030b299964eEfb5e1e0b36991352E56D2D3"`;

exports[`RoundedBalance should match snapshot {
  compactLargeNumbers: false,
  showSign: true,
  tickerAsLink: true,
  ticker: 'wROSE',
  tokenAddress: '0x8Bc2B030b299964eEfb5e1e0b36991352E56D2D3',
  value: '0.002231'
} 1`] = `"+0.00223… wROSE http://localhost/mainnet/sapphire/token/0x8Bc2B030b299964eEfb5e1e0b36991352E56D2D3"`;

exports[`RoundedBalance should match snapshot {
  compactLargeNumbers: false,
  showSign: true,
  tickerAsLink: true,
  ticker: 'wROSE',
  tokenAddress: '0x8Bc2B030b299964eEfb5e1e0b36991352E56D2D3',
  value: '5'
} 1`] = `"+5 wROSE http://localhost/mainnet/sapphire/token/0x8Bc2B030b299964eEfb5e1e0b36991352E56D2D3"`;

exports[`RoundedBalance should match snapshot {
  compactLargeNumbers: false,
  showSign: true,
  tickerAsLink: true,
  ticker: 'wROSE',
  tokenAddress: '0x8Bc2B030b299964eEfb5e1e0b36991352E56D2D3',
  value: '15000000'
} 1`] = `"+15,000,000 wROSE http://localhost/mainnet/sapphire/token/0x8Bc2B030b299964eEfb5e1e0b36991352E56D2D3"`;

exports[`RoundedBalance should match snapshot {
  compactLargeNumbers: false,
  showSign: true,
  tickerAsLink: true,
  ticker: 'wROSE',
  tokenAddress: undefined,
  value: '-0.0047956'
} 1`] = `"-0.00479… wROSE "`;

exports[`RoundedBalance should match snapshot {
  compactLargeNumbers: false,
  showSign: true,
  tickerAsLink: true,
  ticker: 'wROSE',
  tokenAddress: undefined,
  value: '0.00000000000002231'
} 1`] = `"< +0.00000 wROSE "`;

exports[`RoundedBalance should match snapshot {
  compactLargeNumbers: false,
  showSign: true,
  tickerAsLink: true,
  ticker: 'wROSE',
  tokenAddress: undefined,
  value: '0.002231'
} 1`] = `"+0.00223… wROSE "`;

exports[`RoundedBalance should match snapshot {
  compactLargeNumbers: false,
  showSign: true,
  tickerAsLink: true,
  ticker: 'wROSE',
  tokenAddress: undefined,
  value: '5'
} 1`] = `"+5 wROSE "`;

exports[`RoundedBalance should match snapshot {
  compactLargeNumbers: false,
  showSign: true,
  tickerAsLink: true,
  ticker: 'wROSE',
  tokenAddress: undefined,
  value: '15000000'
} 1`] = `"+15,000,000 wROSE "`;

exports[`RoundedBalance should match snapshot {
  compactLargeNumbers: false,
  showSign: true,
  tickerAsLink: true,
  ticker: undefined,
  tokenAddress: '0x8Bc2B030b299964eEfb5e1e0b36991352E56D2D3',
  value: '-0.0047956'
} 1`] = `"-0.00479… 0x8Bc2B030b299964eEfb5e1e0b36991352E56D2D3 http://localhost/mainnet/sapphire/token/0x8Bc2B030b299964eEfb5e1e0b36991352E56D2D3"`;

exports[`RoundedBalance should match snapshot {
  compactLargeNumbers: false,
  showSign: true,
  tickerAsLink: true,
  ticker: undefined,
  tokenAddress: '0x8Bc2B030b299964eEfb5e1e0b36991352E56D2D3',
  value: '0.00000000000002231'
} 1`] = `"< +0.00000 0x8Bc2B030b299964eEfb5e1e0b36991352E56D2D3 http://localhost/mainnet/sapphire/token/0x8Bc2B030b299964eEfb5e1e0b36991352E56D2D3"`;

exports[`RoundedBalance should match snapshot {
  compactLargeNumbers: false,
  showSign: true,
  tickerAsLink: true,
  ticker: undefined,
  tokenAddress: '0x8Bc2B030b299964eEfb5e1e0b36991352E56D2D3',
  value: '0.002231'
} 1`] = `"+0.00223… 0x8Bc2B030b299964eEfb5e1e0b36991352E56D2D3 http://localhost/mainnet/sapphire/token/0x8Bc2B030b299964eEfb5e1e0b36991352E56D2D3"`;

exports[`RoundedBalance should match snapshot {
  compactLargeNumbers: false,
  showSign: true,
  tickerAsLink: true,
  ticker: undefined,
  tokenAddress: '0x8Bc2B030b299964eEfb5e1e0b36991352E56D2D3',
  value: '5'
} 1`] = `"+5 0x8Bc2B030b299964eEfb5e1e0b36991352E56D2D3 http://localhost/mainnet/sapphire/token/0x8Bc2B030b299964eEfb5e1e0b36991352E56D2D3"`;

exports[`RoundedBalance should match snapshot {
  compactLargeNumbers: false,
  showSign: true,
  tickerAsLink: true,
  ticker: undefined,
  tokenAddress: '0x8Bc2B030b299964eEfb5e1e0b36991352E56D2D3',
  value: '15000000'
} 1`] = `"+15,000,000 0x8Bc2B030b299964eEfb5e1e0b36991352E56D2D3 http://localhost/mainnet/sapphire/token/0x8Bc2B030b299964eEfb5e1e0b36991352E56D2D3"`;

exports[`RoundedBalance should match snapshot {
  compactLargeNumbers: false,
  showSign: true,
  tickerAsLink: true,
  ticker: undefined,
  tokenAddress: undefined,
  value: '-0.0047956'
} 1`] = `"-0.00479…  "`;

exports[`RoundedBalance should match snapshot {
  compactLargeNumbers: false,
  showSign: true,
  tickerAsLink: true,
  ticker: undefined,
  tokenAddress: undefined,
  value: '0.00000000000002231'
} 1`] = `"< +0.00000  "`;

exports[`RoundedBalance should match snapshot {
  compactLargeNumbers: false,
  showSign: true,
  tickerAsLink: true,
  ticker: undefined,
  tokenAddress: undefined,
  value: '0.002231'
} 1`] = `"+0.00223…  "`;

exports[`RoundedBalance should match snapshot {
  compactLargeNumbers: false,
  showSign: true,
  tickerAsLink: true,
  ticker: undefined,
  tokenAddress: undefined,
  value: '5'
} 1`] = `"+5  "`;

exports[`RoundedBalance should match snapshot {
  compactLargeNumbers: false,
  showSign: true,
  tickerAsLink: true,
  ticker: undefined,
  tokenAddress: undefined,
  value: '15000000'
} 1`] = `"+15,000,000  "`;

exports[`RoundedBalance should match snapshot {
  compactLargeNumbers: true,
  showSign: false,
  tickerAsLink: false,
  ticker: 'wROSE',
  tokenAddress: '0x8Bc2B030b299964eEfb5e1e0b36991352E56D2D3',
  value: '-0.0047956'
} 1`] = `"-0.00479… wROSE "`;

exports[`RoundedBalance should match snapshot {
  compactLargeNumbers: true,
  showSign: false,
  tickerAsLink: false,
  ticker: 'wROSE',
  tokenAddress: '0x8Bc2B030b299964eEfb5e1e0b36991352E56D2D3',
  value: '0.00000000000002231'
} 1`] = `"< 0.00000 wROSE "`;

exports[`RoundedBalance should match snapshot {
  compactLargeNumbers: true,
  showSign: false,
  tickerAsLink: false,
  ticker: 'wROSE',
  tokenAddress: '0x8Bc2B030b299964eEfb5e1e0b36991352E56D2D3',
  value: '0.002231'
} 1`] = `"0.00223… wROSE "`;

exports[`RoundedBalance should match snapshot {
  compactLargeNumbers: true,
  showSign: false,
  tickerAsLink: false,
  ticker: 'wROSE',
  tokenAddress: '0x8Bc2B030b299964eEfb5e1e0b36991352E56D2D3',
  value: '5'
} 1`] = `"5 wROSE "`;

exports[`RoundedBalance should match snapshot {
  compactLargeNumbers: true,
  showSign: false,
  tickerAsLink: false,
  ticker: 'wROSE',
  tokenAddress: '0x8Bc2B030b299964eEfb5e1e0b36991352E56D2D3',
  value: '15000000'
} 1`] = `"15M wROSE "`;

exports[`RoundedBalance should match snapshot {
  compactLargeNumbers: true,
  showSign: false,
  tickerAsLink: false,
  ticker: 'wROSE',
  tokenAddress: undefined,
  value: '-0.0047956'
} 1`] = `"-0.00479… wROSE "`;

exports[`RoundedBalance should match snapshot {
  compactLargeNumbers: true,
  showSign: false,
  tickerAsLink: false,
  ticker: 'wROSE',
  tokenAddress: undefined,
  value: '0.00000000000002231'
} 1`] = `"< 0.00000 wROSE "`;

exports[`RoundedBalance should match snapshot {
  compactLargeNumbers: true,
  showSign: false,
  tickerAsLink: false,
  ticker: 'wROSE',
  tokenAddress: undefined,
  value: '0.002231'
} 1`] = `"0.00223… wROSE "`;

exports[`RoundedBalance should match snapshot {
  compactLargeNumbers: true,
  showSign: false,
  tickerAsLink: false,
  ticker: 'wROSE',
  tokenAddress: undefined,
  value: '5'
} 1`] = `"5 wROSE "`;

exports[`RoundedBalance should match snapshot {
  compactLargeNumbers: true,
  showSign: false,
  tickerAsLink: false,
  ticker: 'wROSE',
  tokenAddress: undefined,
  value: '15000000'
} 1`] = `"15M wROSE "`;

exports[`RoundedBalance should match snapshot {
  compactLargeNumbers: true,
  showSign: false,
  tickerAsLink: false,
  ticker: undefined,
  tokenAddress: '0x8Bc2B030b299964eEfb5e1e0b36991352E56D2D3',
  value: '-0.0047956'
} 1`] = `"-0.00479…  "`;

exports[`RoundedBalance should match snapshot {
  compactLargeNumbers: true,
  showSign: false,
  tickerAsLink: false,
  ticker: undefined,
  tokenAddress: '0x8Bc2B030b299964eEfb5e1e0b36991352E56D2D3',
  value: '0.00000000000002231'
} 1`] = `"< 0.00000  "`;

exports[`RoundedBalance should match snapshot {
  compactLargeNumbers: true,
  showSign: false,
  tickerAsLink: false,
  ticker: undefined,
  tokenAddress: '0x8Bc2B030b299964eEfb5e1e0b36991352E56D2D3',
  value: '0.002231'
} 1`] = `"0.00223…  "`;

exports[`RoundedBalance should match snapshot {
  compactLargeNumbers: true,
  showSign: false,
  tickerAsLink: false,
  ticker: undefined,
  tokenAddress: '0x8Bc2B030b299964eEfb5e1e0b36991352E56D2D3',
  value: '5'
} 1`] = `"5  "`;

exports[`RoundedBalance should match snapshot {
  compactLargeNumbers: true,
  showSign: false,
  tickerAsLink: false,
  ticker: undefined,
  tokenAddress: '0x8Bc2B030b299964eEfb5e1e0b36991352E56D2D3',
  value: '15000000'
} 1`] = `"15M  "`;

exports[`RoundedBalance should match snapshot {
  compactLargeNumbers: true,
  showSign: false,
  tickerAsLink: false,
  ticker: undefined,
  tokenAddress: undefined,
  value: '-0.0047956'
} 1`] = `"-0.00479…  "`;

exports[`RoundedBalance should match snapshot {
  compactLargeNumbers: true,
  showSign: false,
  tickerAsLink: false,
  ticker: undefined,
  tokenAddress: undefined,
  value: '0.00000000000002231'
} 1`] = `"< 0.00000  "`;

exports[`RoundedBalance should match snapshot {
  compactLargeNumbers: true,
  showSign: false,
  tickerAsLink: false,
  ticker: undefined,
  tokenAddress: undefined,
  value: '0.002231'
} 1`] = `"0.00223…  "`;

exports[`RoundedBalance should match snapshot {
  compactLargeNumbers: true,
  showSign: false,
  tickerAsLink: false,
  ticker: undefined,
  tokenAddress: undefined,
  value: '5'
} 1`] = `"5  "`;

exports[`RoundedBalance should match snapshot {
  compactLargeNumbers: true,
  showSign: false,
  tickerAsLink: false,
  ticker: undefined,
  tokenAddress: undefined,
  value: '15000000'
} 1`] = `"15M  "`;

exports[`RoundedBalance should match snapshot {
  compactLargeNumbers: true,
  showSign: false,
  tickerAsLink: true,
  ticker: 'wROSE',
  tokenAddress: '0x8Bc2B030b299964eEfb5e1e0b36991352E56D2D3',
  value: '-0.0047956'
} 1`] = `"-0.00479… wROSE http://localhost/mainnet/sapphire/token/0x8Bc2B030b299964eEfb5e1e0b36991352E56D2D3"`;

exports[`RoundedBalance should match snapshot {
  compactLargeNumbers: true,
  showSign: false,
  tickerAsLink: true,
  ticker: 'wROSE',
  tokenAddress: '0x8Bc2B030b299964eEfb5e1e0b36991352E56D2D3',
  value: '0.00000000000002231'
} 1`] = `"< 0.00000 wROSE http://localhost/mainnet/sapphire/token/0x8Bc2B030b299964eEfb5e1e0b36991352E56D2D3"`;

exports[`RoundedBalance should match snapshot {
  compactLargeNumbers: true,
  showSign: false,
  tickerAsLink: true,
  ticker: 'wROSE',
  tokenAddress: '0x8Bc2B030b299964eEfb5e1e0b36991352E56D2D3',
  value: '0.002231'
} 1`] = `"0.00223… wROSE http://localhost/mainnet/sapphire/token/0x8Bc2B030b299964eEfb5e1e0b36991352E56D2D3"`;

exports[`RoundedBalance should match snapshot {
  compactLargeNumbers: true,
  showSign: false,
  tickerAsLink: true,
  ticker: 'wROSE',
  tokenAddress: '0x8Bc2B030b299964eEfb5e1e0b36991352E56D2D3',
  value: '5'
} 1`] = `"5 wROSE http://localhost/mainnet/sapphire/token/0x8Bc2B030b299964eEfb5e1e0b36991352E56D2D3"`;

exports[`RoundedBalance should match snapshot {
  compactLargeNumbers: true,
  showSign: false,
  tickerAsLink: true,
  ticker: 'wROSE',
  tokenAddress: '0x8Bc2B030b299964eEfb5e1e0b36991352E56D2D3',
  value: '15000000'
} 1`] = `"15M wROSE http://localhost/mainnet/sapphire/token/0x8Bc2B030b299964eEfb5e1e0b36991352E56D2D3"`;

exports[`RoundedBalance should match snapshot {
  compactLargeNumbers: true,
  showSign: false,
  tickerAsLink: true,
  ticker: 'wROSE',
  tokenAddress: undefined,
  value: '-0.0047956'
} 1`] = `"-0.00479… wROSE "`;

exports[`RoundedBalance should match snapshot {
  compactLargeNumbers: true,
  showSign: false,
  tickerAsLink: true,
  ticker: 'wROSE',
  tokenAddress: undefined,
  value: '0.00000000000002231'
} 1`] = `"< 0.00000 wROSE "`;

exports[`RoundedBalance should match snapshot {
  compactLargeNumbers: true,
  showSign: false,
  tickerAsLink: true,
  ticker: 'wROSE',
  tokenAddress: undefined,
  value: '0.002231'
} 1`] = `"0.00223… wROSE "`;

exports[`RoundedBalance should match snapshot {
  compactLargeNumbers: true,
  showSign: false,
  tickerAsLink: true,
  ticker: 'wROSE',
  tokenAddress: undefined,
  value: '5'
} 1`] = `"5 wROSE "`;

exports[`RoundedBalance should match snapshot {
  compactLargeNumbers: true,
  showSign: false,
  tickerAsLink: true,
  ticker: 'wROSE',
  tokenAddress: undefined,
  value: '15000000'
} 1`] = `"15M wROSE "`;

exports[`RoundedBalance should match snapshot {
  compactLargeNumbers: true,
  showSign: false,
  tickerAsLink: true,
  ticker: undefined,
  tokenAddress: '0x8Bc2B030b299964eEfb5e1e0b36991352E56D2D3',
  value: '-0.0047956'
} 1`] = `"-0.00479… 0x8Bc2B030b299964eEfb5e1e0b36991352E56D2D3 http://localhost/mainnet/sapphire/token/0x8Bc2B030b299964eEfb5e1e0b36991352E56D2D3"`;

exports[`RoundedBalance should match snapshot {
  compactLargeNumbers: true,
  showSign: false,
  tickerAsLink: true,
  ticker: undefined,
  tokenAddress: '0x8Bc2B030b299964eEfb5e1e0b36991352E56D2D3',
  value: '0.00000000000002231'
} 1`] = `"< 0.00000 0x8Bc2B030b299964eEfb5e1e0b36991352E56D2D3 http://localhost/mainnet/sapphire/token/0x8Bc2B030b299964eEfb5e1e0b36991352E56D2D3"`;

exports[`RoundedBalance should match snapshot {
  compactLargeNumbers: true,
  showSign: false,
  tickerAsLink: true,
  ticker: undefined,
  tokenAddress: '0x8Bc2B030b299964eEfb5e1e0b36991352E56D2D3',
  value: '0.002231'
} 1`] = `"0.00223… 0x8Bc2B030b299964eEfb5e1e0b36991352E56D2D3 http://localhost/mainnet/sapphire/token/0x8Bc2B030b299964eEfb5e1e0b36991352E56D2D3"`;

exports[`RoundedBalance should match snapshot {
  compactLargeNumbers: true,
  showSign: false,
  tickerAsLink: true,
  ticker: undefined,
  tokenAddress: '0x8Bc2B030b299964eEfb5e1e0b36991352E56D2D3',
  value: '5'
} 1`] = `"5 0x8Bc2B030b299964eEfb5e1e0b36991352E56D2D3 http://localhost/mainnet/sapphire/token/0x8Bc2B030b299964eEfb5e1e0b36991352E56D2D3"`;

exports[`RoundedBalance should match snapshot {
  compactLargeNumbers: true,
  showSign: false,
  tickerAsLink: true,
  ticker: undefined,
  tokenAddress: '0x8Bc2B030b299964eEfb5e1e0b36991352E56D2D3',
  value: '15000000'
} 1`] = `"15M 0x8Bc2B030b299964eEfb5e1e0b36991352E56D2D3 http://localhost/mainnet/sapphire/token/0x8Bc2B030b299964eEfb5e1e0b36991352E56D2D3"`;

exports[`RoundedBalance should match snapshot {
  compactLargeNumbers: true,
  showSign: false,
  tickerAsLink: true,
  ticker: undefined,
  tokenAddress: undefined,
  value: '-0.0047956'
} 1`] = `"-0.00479…  "`;

exports[`RoundedBalance should match snapshot {
  compactLargeNumbers: true,
  showSign: false,
  tickerAsLink: true,
  ticker: undefined,
  tokenAddress: undefined,
  value: '0.00000000000002231'
} 1`] = `"< 0.00000  "`;

exports[`RoundedBalance should match snapshot {
  compactLargeNumbers: true,
  showSign: false,
  tickerAsLink: true,
  ticker: undefined,
  tokenAddress: undefined,
  value: '0.002231'
} 1`] = `"0.00223…  "`;

exports[`RoundedBalance should match snapshot {
  compactLargeNumbers: true,
  showSign: false,
  tickerAsLink: true,
  ticker: undefined,
  tokenAddress: undefined,
  value: '5'
} 1`] = `"5  "`;

exports[`RoundedBalance should match snapshot {
  compactLargeNumbers: true,
  showSign: false,
  tickerAsLink: true,
  ticker: undefined,
  tokenAddress: undefined,
  value: '15000000'
} 1`] = `"15M  "`;

exports[`RoundedBalance should match snapshot {
  compactLargeNumbers: true,
  showSign: true,
  tickerAsLink: false,
  ticker: 'wROSE',
  tokenAddress: '0x8Bc2B030b299964eEfb5e1e0b36991352E56D2D3',
  value: '-0.0047956'
} 1`] = `"-0.00479… wROSE "`;

exports[`RoundedBalance should match snapshot {
  compactLargeNumbers: true,
  showSign: true,
  tickerAsLink: false,
  ticker: 'wROSE',
  tokenAddress: '0x8Bc2B030b299964eEfb5e1e0b36991352E56D2D3',
  value: '0.00000000000002231'
} 1`] = `"< +0.00000 wROSE "`;

exports[`RoundedBalance should match snapshot {
  compactLargeNumbers: true,
  showSign: true,
  tickerAsLink: false,
  ticker: 'wROSE',
  tokenAddress: '0x8Bc2B030b299964eEfb5e1e0b36991352E56D2D3',
  value: '0.002231'
} 1`] = `"+0.00223… wROSE "`;

exports[`RoundedBalance should match snapshot {
  compactLargeNumbers: true,
  showSign: true,
  tickerAsLink: false,
  ticker: 'wROSE',
  tokenAddress: '0x8Bc2B030b299964eEfb5e1e0b36991352E56D2D3',
  value: '5'
} 1`] = `"+5 wROSE "`;

exports[`RoundedBalance should match snapshot {
  compactLargeNumbers: true,
  showSign: true,
  tickerAsLink: false,
  ticker: 'wROSE',
  tokenAddress: '0x8Bc2B030b299964eEfb5e1e0b36991352E56D2D3',
  value: '15000000'
} 1`] = `"+15M wROSE "`;

exports[`RoundedBalance should match snapshot {
  compactLargeNumbers: true,
  showSign: true,
  tickerAsLink: false,
  ticker: 'wROSE',
  tokenAddress: undefined,
  value: '-0.0047956'
} 1`] = `"-0.00479… wROSE "`;

exports[`RoundedBalance should match snapshot {
  compactLargeNumbers: true,
  showSign: true,
  tickerAsLink: false,
  ticker: 'wROSE',
  tokenAddress: undefined,
  value: '0.00000000000002231'
} 1`] = `"< +0.00000 wROSE "`;

exports[`RoundedBalance should match snapshot {
  compactLargeNumbers: true,
  showSign: true,
  tickerAsLink: false,
  ticker: 'wROSE',
  tokenAddress: undefined,
  value: '0.002231'
} 1`] = `"+0.00223… wROSE "`;

exports[`RoundedBalance should match snapshot {
  compactLargeNumbers: true,
  showSign: true,
  tickerAsLink: false,
  ticker: 'wROSE',
  tokenAddress: undefined,
  value: '5'
} 1`] = `"+5 wROSE "`;

exports[`RoundedBalance should match snapshot {
  compactLargeNumbers: true,
  showSign: true,
  tickerAsLink: false,
  ticker: 'wROSE',
  tokenAddress: undefined,
  value: '15000000'
} 1`] = `"+15M wROSE "`;

exports[`RoundedBalance should match snapshot {
  compactLargeNumbers: true,
  showSign: true,
  tickerAsLink: false,
  ticker: undefined,
  tokenAddress: '0x8Bc2B030b299964eEfb5e1e0b36991352E56D2D3',
  value: '-0.0047956'
} 1`] = `"-0.00479…  "`;

exports[`RoundedBalance should match snapshot {
  compactLargeNumbers: true,
  showSign: true,
  tickerAsLink: false,
  ticker: undefined,
  tokenAddress: '0x8Bc2B030b299964eEfb5e1e0b36991352E56D2D3',
  value: '0.00000000000002231'
} 1`] = `"< +0.00000  "`;

exports[`RoundedBalance should match snapshot {
  compactLargeNumbers: true,
  showSign: true,
  tickerAsLink: false,
  ticker: undefined,
  tokenAddress: '0x8Bc2B030b299964eEfb5e1e0b36991352E56D2D3',
  value: '0.002231'
} 1`] = `"+0.00223…  "`;

exports[`RoundedBalance should match snapshot {
  compactLargeNumbers: true,
  showSign: true,
  tickerAsLink: false,
  ticker: undefined,
  tokenAddress: '0x8Bc2B030b299964eEfb5e1e0b36991352E56D2D3',
  value: '5'
} 1`] = `"+5  "`;

exports[`RoundedBalance should match snapshot {
  compactLargeNumbers: true,
  showSign: true,
  tickerAsLink: false,
  ticker: undefined,
  tokenAddress: '0x8Bc2B030b299964eEfb5e1e0b36991352E56D2D3',
  value: '15000000'
} 1`] = `"+15M  "`;

exports[`RoundedBalance should match snapshot {
  compactLargeNumbers: true,
  showSign: true,
  tickerAsLink: false,
  ticker: undefined,
  tokenAddress: undefined,
  value: '-0.0047956'
} 1`] = `"-0.00479…  "`;

exports[`RoundedBalance should match snapshot {
  compactLargeNumbers: true,
  showSign: true,
  tickerAsLink: false,
  ticker: undefined,
  tokenAddress: undefined,
  value: '0.00000000000002231'
} 1`] = `"< +0.00000  "`;

exports[`RoundedBalance should match snapshot {
  compactLargeNumbers: true,
  showSign: true,
  tickerAsLink: false,
  ticker: undefined,
  tokenAddress: undefined,
  value: '0.002231'
} 1`] = `"+0.00223…  "`;

exports[`RoundedBalance should match snapshot {
  compactLargeNumbers: true,
  showSign: true,
  tickerAsLink: false,
  ticker: undefined,
  tokenAddress: undefined,
  value: '5'
} 1`] = `"+5  "`;

exports[`RoundedBalance should match snapshot {
  compactLargeNumbers: true,
  showSign: true,
  tickerAsLink: false,
  ticker: undefined,
  tokenAddress: undefined,
  value: '15000000'
} 1`] = `"+15M  "`;

exports[`RoundedBalance should match snapshot {
  compactLargeNumbers: true,
  showSign: true,
  tickerAsLink: true,
  ticker: 'wROSE',
  tokenAddress: '0x8Bc2B030b299964eEfb5e1e0b36991352E56D2D3',
  value: '-0.0047956'
} 1`] = `"-0.00479… wROSE http://localhost/mainnet/sapphire/token/0x8Bc2B030b299964eEfb5e1e0b36991352E56D2D3"`;

exports[`RoundedBalance should match snapshot {
  compactLargeNumbers: true,
  showSign: true,
  tickerAsLink: true,
  ticker: 'wROSE',
  tokenAddress: '0x8Bc2B030b299964eEfb5e1e0b36991352E56D2D3',
  value: '0.00000000000002231'
} 1`] = `"< +0.00000 wROSE http://localhost/mainnet/sapphire/token/0x8Bc2B030b299964eEfb5e1e0b36991352E56D2D3"`;

exports[`RoundedBalance should match snapshot {
  compactLargeNumbers: true,
  showSign: true,
  tickerAsLink: true,
  ticker: 'wROSE',
  tokenAddress: '0x8Bc2B030b299964eEfb5e1e0b36991352E56D2D3',
  value: '0.002231'
} 1`] = `"+0.00223… wROSE http://localhost/mainnet/sapphire/token/0x8Bc2B030b299964eEfb5e1e0b36991352E56D2D3"`;

exports[`RoundedBalance should match snapshot {
  compactLargeNumbers: true,
  showSign: true,
  tickerAsLink: true,
  ticker: 'wROSE',
  tokenAddress: '0x8Bc2B030b299964eEfb5e1e0b36991352E56D2D3',
  value: '5'
} 1`] = `"+5 wROSE http://localhost/mainnet/sapphire/token/0x8Bc2B030b299964eEfb5e1e0b36991352E56D2D3"`;

exports[`RoundedBalance should match snapshot {
  compactLargeNumbers: true,
  showSign: true,
  tickerAsLink: true,
  ticker: 'wROSE',
  tokenAddress: '0x8Bc2B030b299964eEfb5e1e0b36991352E56D2D3',
  value: '15000000'
} 1`] = `"+15M wROSE http://localhost/mainnet/sapphire/token/0x8Bc2B030b299964eEfb5e1e0b36991352E56D2D3"`;

exports[`RoundedBalance should match snapshot {
  compactLargeNumbers: true,
  showSign: true,
  tickerAsLink: true,
  ticker: 'wROSE',
  tokenAddress: undefined,
  value: '-0.0047956'
} 1`] = `"-0.00479… wROSE "`;

exports[`RoundedBalance should match snapshot {
  compactLargeNumbers: true,
  showSign: true,
  tickerAsLink: true,
  ticker: 'wROSE',
  tokenAddress: undefined,
  value: '0.00000000000002231'
} 1`] = `"< +0.00000 wROSE "`;

exports[`RoundedBalance should match snapshot {
  compactLargeNumbers: true,
  showSign: true,
  tickerAsLink: true,
  ticker: 'wROSE',
  tokenAddress: undefined,
  value: '0.002231'
} 1`] = `"+0.00223… wROSE "`;

exports[`RoundedBalance should match snapshot {
  compactLargeNumbers: true,
  showSign: true,
  tickerAsLink: true,
  ticker: 'wROSE',
  tokenAddress: undefined,
  value: '5'
} 1`] = `"+5 wROSE "`;

exports[`RoundedBalance should match snapshot {
  compactLargeNumbers: true,
  showSign: true,
  tickerAsLink: true,
  ticker: 'wROSE',
  tokenAddress: undefined,
  value: '15000000'
} 1`] = `"+15M wROSE "`;

exports[`RoundedBalance should match snapshot {
  compactLargeNumbers: true,
  showSign: true,
  tickerAsLink: true,
  ticker: undefined,
  tokenAddress: '0x8Bc2B030b299964eEfb5e1e0b36991352E56D2D3',
  value: '-0.0047956'
} 1`] = `"-0.00479… 0x8Bc2B030b299964eEfb5e1e0b36991352E56D2D3 http://localhost/mainnet/sapphire/token/0x8Bc2B030b299964eEfb5e1e0b36991352E56D2D3"`;

exports[`RoundedBalance should match snapshot {
  compactLargeNumbers: true,
  showSign: true,
  tickerAsLink: true,
  ticker: undefined,
  tokenAddress: '0x8Bc2B030b299964eEfb5e1e0b36991352E56D2D3',
  value: '0.00000000000002231'
} 1`] = `"< +0.00000 0x8Bc2B030b299964eEfb5e1e0b36991352E56D2D3 http://localhost/mainnet/sapphire/token/0x8Bc2B030b299964eEfb5e1e0b36991352E56D2D3"`;

exports[`RoundedBalance should match snapshot {
  compactLargeNumbers: true,
  showSign: true,
  tickerAsLink: true,
  ticker: undefined,
  tokenAddress: '0x8Bc2B030b299964eEfb5e1e0b36991352E56D2D3',
  value: '0.002231'
} 1`] = `"+0.00223… 0x8Bc2B030b299964eEfb5e1e0b36991352E56D2D3 http://localhost/mainnet/sapphire/token/0x8Bc2B030b299964eEfb5e1e0b36991352E56D2D3"`;

exports[`RoundedBalance should match snapshot {
  compactLargeNumbers: true,
  showSign: true,
  tickerAsLink: true,
  ticker: undefined,
  tokenAddress: '0x8Bc2B030b299964eEfb5e1e0b36991352E56D2D3',
  value: '5'
} 1`] = `"+5 0x8Bc2B030b299964eEfb5e1e0b36991352E56D2D3 http://localhost/mainnet/sapphire/token/0x8Bc2B030b299964eEfb5e1e0b36991352E56D2D3"`;

exports[`RoundedBalance should match snapshot {
  compactLargeNumbers: true,
  showSign: true,
  tickerAsLink: true,
  ticker: undefined,
  tokenAddress: '0x8Bc2B030b299964eEfb5e1e0b36991352E56D2D3',
  value: '15000000'
} 1`] = `"+15M 0x8Bc2B030b299964eEfb5e1e0b36991352E56D2D3 http://localhost/mainnet/sapphire/token/0x8Bc2B030b299964eEfb5e1e0b36991352E56D2D3"`;

exports[`RoundedBalance should match snapshot {
  compactLargeNumbers: true,
  showSign: true,
  tickerAsLink: true,
  ticker: undefined,
  tokenAddress: undefined,
  value: '-0.0047956'
} 1`] = `"-0.00479…  "`;

exports[`RoundedBalance should match snapshot {
  compactLargeNumbers: true,
  showSign: true,
  tickerAsLink: true,
  ticker: undefined,
  tokenAddress: undefined,
  value: '0.00000000000002231'
} 1`] = `"< +0.00000  "`;

exports[`RoundedBalance should match snapshot {
  compactLargeNumbers: true,
  showSign: true,
  tickerAsLink: true,
  ticker: undefined,
  tokenAddress: undefined,
  value: '0.002231'
} 1`] = `"+0.00223…  "`;

exports[`RoundedBalance should match snapshot {
  compactLargeNumbers: true,
  showSign: true,
  tickerAsLink: true,
  ticker: undefined,
  tokenAddress: undefined,
  value: '5'
} 1`] = `"+5  "`;

exports[`RoundedBalance should match snapshot {
  compactLargeNumbers: true,
  showSign: true,
  tickerAsLink: true,
  ticker: undefined,
  tokenAddress: undefined,
  value: '15000000'
} 1`] = `"+15M  "`;
