// Vitest Snapshot v1, https://vitest.dev/guide/snapshot.html

exports[`RoundedBalance > should match snapshot {
  compactLargeNumbers: false,
  showSign: false,
  tickerAsLink: false,
  ticker: 'wROSE',
  tokenAddress: '0x8Bc2B030b299964eEfb5e1e0b36991352E56D2D3',
  value: '-0.47956'
} 1`] = `"-0.47 wROSE "`;

exports[`RoundedBalance > should match snapshot {
  compactLargeNumbers: false,
  showSign: false,
  tickerAsLink: false,
  ticker: 'wROSE',
  tokenAddress: '0x8Bc2B030b299964eEfb5e1e0b36991352E56D2D3',
  value: '0.00000000000002231'
} 1`] = `"<0.01 wROSE "`;

exports[`RoundedBalance > should match snapshot {
  compactLargeNumbers: false,
  showSign: false,
  tickerAsLink: false,
  ticker: 'wROSE',
  tokenAddress: '0x8Bc2B030b299964eEfb5e1e0b36991352E56D2D3',
  value: '0.2231'
} 1`] = `"0.22 wROSE "`;

exports[`RoundedBalance > should match snapshot {
  compactLargeNumbers: false,
  showSign: false,
  tickerAsLink: false,
  ticker: 'wROSE',
  tokenAddress: '0x8Bc2B030b299964eEfb5e1e0b36991352E56D2D3',
  value: '5'
} 1`] = `"5 wROSE "`;

exports[`RoundedBalance > should match snapshot {
  compactLargeNumbers: false,
  showSign: false,
  tickerAsLink: false,
  ticker: 'wROSE',
  tokenAddress: '0x8Bc2B030b299964eEfb5e1e0b36991352E56D2D3',
  value: '15000000'
} 1`] = `"15,000,000 wROSE "`;

exports[`RoundedBalance > should match snapshot {
  compactLargeNumbers: false,
  showSign: false,
  tickerAsLink: false,
  ticker: 'wROSE',
  tokenAddress: undefined,
  value: '-0.47956'
} 1`] = `"-0.47 wROSE "`;

exports[`RoundedBalance > should match snapshot {
  compactLargeNumbers: false,
  showSign: false,
  tickerAsLink: false,
  ticker: 'wROSE',
  tokenAddress: undefined,
  value: '0.00000000000002231'
} 1`] = `"<0.01 wROSE "`;

exports[`RoundedBalance > should match snapshot {
  compactLargeNumbers: false,
  showSign: false,
  tickerAsLink: false,
  ticker: 'wROSE',
  tokenAddress: undefined,
  value: '0.2231'
} 1`] = `"0.22 wROSE "`;

exports[`RoundedBalance > should match snapshot {
  compactLargeNumbers: false,
  showSign: false,
  tickerAsLink: false,
  ticker: 'wROSE',
  tokenAddress: undefined,
  value: '5'
} 1`] = `"5 wROSE "`;

exports[`RoundedBalance > should match snapshot {
  compactLargeNumbers: false,
  showSign: false,
  tickerAsLink: false,
  ticker: 'wROSE',
  tokenAddress: undefined,
  value: '15000000'
} 1`] = `"15,000,000 wROSE "`;

exports[`RoundedBalance > should match snapshot {
  compactLargeNumbers: false,
  showSign: false,
  tickerAsLink: false,
  ticker: undefined,
  tokenAddress: '0x8Bc2B030b299964eEfb5e1e0b36991352E56D2D3',
  value: '-0.47956'
} 1`] = `"-0.47  "`;

exports[`RoundedBalance > should match snapshot {
  compactLargeNumbers: false,
  showSign: false,
  tickerAsLink: false,
  ticker: undefined,
  tokenAddress: '0x8Bc2B030b299964eEfb5e1e0b36991352E56D2D3',
  value: '0.00000000000002231'
} 1`] = `"<0.01  "`;

exports[`RoundedBalance > should match snapshot {
  compactLargeNumbers: false,
  showSign: false,
  tickerAsLink: false,
  ticker: undefined,
  tokenAddress: '0x8Bc2B030b299964eEfb5e1e0b36991352E56D2D3',
  value: '0.2231'
} 1`] = `"0.22  "`;

exports[`RoundedBalance > should match snapshot {
  compactLargeNumbers: false,
  showSign: false,
  tickerAsLink: false,
  ticker: undefined,
  tokenAddress: '0x8Bc2B030b299964eEfb5e1e0b36991352E56D2D3',
  value: '5'
} 1`] = `"5  "`;

exports[`RoundedBalance > should match snapshot {
  compactLargeNumbers: false,
  showSign: false,
  tickerAsLink: false,
  ticker: undefined,
  tokenAddress: '0x8Bc2B030b299964eEfb5e1e0b36991352E56D2D3',
  value: '15000000'
} 1`] = `"15,000,000  "`;

exports[`RoundedBalance > should match snapshot {
  compactLargeNumbers: false,
  showSign: false,
  tickerAsLink: false,
  ticker: undefined,
  tokenAddress: undefined,
  value: '-0.47956'
} 1`] = `"-0.47  "`;

exports[`RoundedBalance > should match snapshot {
  compactLargeNumbers: false,
  showSign: false,
  tickerAsLink: false,
  ticker: undefined,
  tokenAddress: undefined,
  value: '0.00000000000002231'
} 1`] = `"<0.01  "`;

exports[`RoundedBalance > should match snapshot {
  compactLargeNumbers: false,
  showSign: false,
  tickerAsLink: false,
  ticker: undefined,
  tokenAddress: undefined,
  value: '0.2231'
} 1`] = `"0.22  "`;

exports[`RoundedBalance > should match snapshot {
  compactLargeNumbers: false,
  showSign: false,
  tickerAsLink: false,
  ticker: undefined,
  tokenAddress: undefined,
  value: '5'
} 1`] = `"5  "`;

exports[`RoundedBalance > should match snapshot {
  compactLargeNumbers: false,
  showSign: false,
  tickerAsLink: false,
  ticker: undefined,
  tokenAddress: undefined,
  value: '15000000'
} 1`] = `"15,000,000  "`;

exports[`RoundedBalance > should match snapshot {
  compactLargeNumbers: false,
  showSign: false,
  tickerAsLink: true,
  ticker: 'wROSE',
  tokenAddress: '0x8Bc2B030b299964eEfb5e1e0b36991352E56D2D3',
  value: '-0.47956'
} 1`] = `"-0.47 wROSE http://localhost:3000/mainnet/sapphire/token/0x8Bc2B030b299964eEfb5e1e0b36991352E56D2D3"`;

exports[`RoundedBalance > should match snapshot {
  compactLargeNumbers: false,
  showSign: false,
  tickerAsLink: true,
  ticker: 'wROSE',
  tokenAddress: '0x8Bc2B030b299964eEfb5e1e0b36991352E56D2D3',
  value: '0.00000000000002231'
} 1`] = `"<0.01 wROSE http://localhost:3000/mainnet/sapphire/token/0x8Bc2B030b299964eEfb5e1e0b36991352E56D2D3"`;

exports[`RoundedBalance > should match snapshot {
  compactLargeNumbers: false,
  showSign: false,
  tickerAsLink: true,
  ticker: 'wROSE',
  tokenAddress: '0x8Bc2B030b299964eEfb5e1e0b36991352E56D2D3',
  value: '0.2231'
} 1`] = `"0.22 wROSE http://localhost:3000/mainnet/sapphire/token/0x8Bc2B030b299964eEfb5e1e0b36991352E56D2D3"`;

exports[`RoundedBalance > should match snapshot {
  compactLargeNumbers: false,
  showSign: false,
  tickerAsLink: true,
  ticker: 'wROSE',
  tokenAddress: '0x8Bc2B030b299964eEfb5e1e0b36991352E56D2D3',
  value: '5'
} 1`] = `"5 wROSE http://localhost:3000/mainnet/sapphire/token/0x8Bc2B030b299964eEfb5e1e0b36991352E56D2D3"`;

exports[`RoundedBalance > should match snapshot {
  compactLargeNumbers: false,
  showSign: false,
  tickerAsLink: true,
  ticker: 'wROSE',
  tokenAddress: '0x8Bc2B030b299964eEfb5e1e0b36991352E56D2D3',
  value: '15000000'
} 1`] = `"15,000,000 wROSE http://localhost:3000/mainnet/sapphire/token/0x8Bc2B030b299964eEfb5e1e0b36991352E56D2D3"`;

exports[`RoundedBalance > should match snapshot {
  compactLargeNumbers: false,
  showSign: false,
  tickerAsLink: true,
  ticker: 'wROSE',
  tokenAddress: undefined,
  value: '-0.47956'
} 1`] = `"-0.47 wROSE "`;

exports[`RoundedBalance > should match snapshot {
  compactLargeNumbers: false,
  showSign: false,
  tickerAsLink: true,
  ticker: 'wROSE',
  tokenAddress: undefined,
  value: '0.00000000000002231'
} 1`] = `"<0.01 wROSE "`;

exports[`RoundedBalance > should match snapshot {
  compactLargeNumbers: false,
  showSign: false,
  tickerAsLink: true,
  ticker: 'wROSE',
  tokenAddress: undefined,
  value: '0.2231'
} 1`] = `"0.22 wROSE "`;

exports[`RoundedBalance > should match snapshot {
  compactLargeNumbers: false,
  showSign: false,
  tickerAsLink: true,
  ticker: 'wROSE',
  tokenAddress: undefined,
  value: '5'
} 1`] = `"5 wROSE "`;

exports[`RoundedBalance > should match snapshot {
  compactLargeNumbers: false,
  showSign: false,
  tickerAsLink: true,
  ticker: 'wROSE',
  tokenAddress: undefined,
  value: '15000000'
} 1`] = `"15,000,000 wROSE "`;

exports[`RoundedBalance > should match snapshot {
  compactLargeNumbers: false,
  showSign: false,
  tickerAsLink: true,
  ticker: undefined,
  tokenAddress: '0x8Bc2B030b299964eEfb5e1e0b36991352E56D2D3',
  value: '-0.47956'
} 1`] = `"-0.47 0x8Bc2B030b299964eEfb5e1e0b36991352E56D2D3 http://localhost:3000/mainnet/sapphire/token/0x8Bc2B030b299964eEfb5e1e0b36991352E56D2D3"`;

exports[`RoundedBalance > should match snapshot {
  compactLargeNumbers: false,
  showSign: false,
  tickerAsLink: true,
  ticker: undefined,
  tokenAddress: '0x8Bc2B030b299964eEfb5e1e0b36991352E56D2D3',
  value: '0.00000000000002231'
} 1`] = `"<0.01 0x8Bc2B030b299964eEfb5e1e0b36991352E56D2D3 http://localhost:3000/mainnet/sapphire/token/0x8Bc2B030b299964eEfb5e1e0b36991352E56D2D3"`;

exports[`RoundedBalance > should match snapshot {
  compactLargeNumbers: false,
  showSign: false,
  tickerAsLink: true,
  ticker: undefined,
  tokenAddress: '0x8Bc2B030b299964eEfb5e1e0b36991352E56D2D3',
  value: '0.2231'
} 1`] = `"0.22 0x8Bc2B030b299964eEfb5e1e0b36991352E56D2D3 http://localhost:3000/mainnet/sapphire/token/0x8Bc2B030b299964eEfb5e1e0b36991352E56D2D3"`;

exports[`RoundedBalance > should match snapshot {
  compactLargeNumbers: false,
  showSign: false,
  tickerAsLink: true,
  ticker: undefined,
  tokenAddress: '0x8Bc2B030b299964eEfb5e1e0b36991352E56D2D3',
  value: '5'
} 1`] = `"5 0x8Bc2B030b299964eEfb5e1e0b36991352E56D2D3 http://localhost:3000/mainnet/sapphire/token/0x8Bc2B030b299964eEfb5e1e0b36991352E56D2D3"`;

exports[`RoundedBalance > should match snapshot {
  compactLargeNumbers: false,
  showSign: false,
  tickerAsLink: true,
  ticker: undefined,
  tokenAddress: '0x8Bc2B030b299964eEfb5e1e0b36991352E56D2D3',
  value: '15000000'
} 1`] = `"15,000,000 0x8Bc2B030b299964eEfb5e1e0b36991352E56D2D3 http://localhost:3000/mainnet/sapphire/token/0x8Bc2B030b299964eEfb5e1e0b36991352E56D2D3"`;

exports[`RoundedBalance > should match snapshot {
  compactLargeNumbers: false,
  showSign: false,
  tickerAsLink: true,
  ticker: undefined,
  tokenAddress: undefined,
  value: '-0.47956'
} 1`] = `"-0.47  "`;

exports[`RoundedBalance > should match snapshot {
  compactLargeNumbers: false,
  showSign: false,
  tickerAsLink: true,
  ticker: undefined,
  tokenAddress: undefined,
  value: '0.00000000000002231'
} 1`] = `"<0.01  "`;

exports[`RoundedBalance > should match snapshot {
  compactLargeNumbers: false,
  showSign: false,
  tickerAsLink: true,
  ticker: undefined,
  tokenAddress: undefined,
  value: '0.2231'
} 1`] = `"0.22  "`;

exports[`RoundedBalance > should match snapshot {
  compactLargeNumbers: false,
  showSign: false,
  tickerAsLink: true,
  ticker: undefined,
  tokenAddress: undefined,
  value: '5'
} 1`] = `"5  "`;

exports[`RoundedBalance > should match snapshot {
  compactLargeNumbers: false,
  showSign: false,
  tickerAsLink: true,
  ticker: undefined,
  tokenAddress: undefined,
  value: '15000000'
} 1`] = `"15,000,000  "`;

exports[`RoundedBalance > should match snapshot {
  compactLargeNumbers: false,
  showSign: true,
  tickerAsLink: false,
  ticker: 'wROSE',
  tokenAddress: '0x8Bc2B030b299964eEfb5e1e0b36991352E56D2D3',
  value: '-0.47956'
} 1`] = `"-0.47 wROSE "`;

exports[`RoundedBalance > should match snapshot {
  compactLargeNumbers: false,
  showSign: true,
  tickerAsLink: false,
  ticker: 'wROSE',
  tokenAddress: '0x8Bc2B030b299964eEfb5e1e0b36991352E56D2D3',
  value: '0.00000000000002231'
} 1`] = `"<+0.01 wROSE "`;

exports[`RoundedBalance > should match snapshot {
  compactLargeNumbers: false,
  showSign: true,
  tickerAsLink: false,
  ticker: 'wROSE',
  tokenAddress: '0x8Bc2B030b299964eEfb5e1e0b36991352E56D2D3',
  value: '0.2231'
} 1`] = `"+0.22 wROSE "`;

exports[`RoundedBalance > should match snapshot {
  compactLargeNumbers: false,
  showSign: true,
  tickerAsLink: false,
  ticker: 'wROSE',
  tokenAddress: '0x8Bc2B030b299964eEfb5e1e0b36991352E56D2D3',
  value: '5'
} 1`] = `"+5 wROSE "`;

exports[`RoundedBalance > should match snapshot {
  compactLargeNumbers: false,
  showSign: true,
  tickerAsLink: false,
  ticker: 'wROSE',
  tokenAddress: '0x8Bc2B030b299964eEfb5e1e0b36991352E56D2D3',
  value: '15000000'
} 1`] = `"+15,000,000 wROSE "`;

exports[`RoundedBalance > should match snapshot {
  compactLargeNumbers: false,
  showSign: true,
  tickerAsLink: false,
  ticker: 'wROSE',
  tokenAddress: undefined,
  value: '-0.47956'
} 1`] = `"-0.47 wROSE "`;

exports[`RoundedBalance > should match snapshot {
  compactLargeNumbers: false,
  showSign: true,
  tickerAsLink: false,
  ticker: 'wROSE',
  tokenAddress: undefined,
  value: '0.00000000000002231'
} 1`] = `"<+0.01 wROSE "`;

exports[`RoundedBalance > should match snapshot {
  compactLargeNumbers: false,
  showSign: true,
  tickerAsLink: false,
  ticker: 'wROSE',
  tokenAddress: undefined,
  value: '0.2231'
} 1`] = `"+0.22 wROSE "`;

exports[`RoundedBalance > should match snapshot {
  compactLargeNumbers: false,
  showSign: true,
  tickerAsLink: false,
  ticker: 'wROSE',
  tokenAddress: undefined,
  value: '5'
} 1`] = `"+5 wROSE "`;

exports[`RoundedBalance > should match snapshot {
  compactLargeNumbers: false,
  showSign: true,
  tickerAsLink: false,
  ticker: 'wROSE',
  tokenAddress: undefined,
  value: '15000000'
} 1`] = `"+15,000,000 wROSE "`;

exports[`RoundedBalance > should match snapshot {
  compactLargeNumbers: false,
  showSign: true,
  tickerAsLink: false,
  ticker: undefined,
  tokenAddress: '0x8Bc2B030b299964eEfb5e1e0b36991352E56D2D3',
  value: '-0.47956'
} 1`] = `"-0.47  "`;

exports[`RoundedBalance > should match snapshot {
  compactLargeNumbers: false,
  showSign: true,
  tickerAsLink: false,
  ticker: undefined,
  tokenAddress: '0x8Bc2B030b299964eEfb5e1e0b36991352E56D2D3',
  value: '0.00000000000002231'
} 1`] = `"<+0.01  "`;

exports[`RoundedBalance > should match snapshot {
  compactLargeNumbers: false,
  showSign: true,
  tickerAsLink: false,
  ticker: undefined,
  tokenAddress: '0x8Bc2B030b299964eEfb5e1e0b36991352E56D2D3',
  value: '0.2231'
} 1`] = `"+0.22  "`;

exports[`RoundedBalance > should match snapshot {
  compactLargeNumbers: false,
  showSign: true,
  tickerAsLink: false,
  ticker: undefined,
  tokenAddress: '0x8Bc2B030b299964eEfb5e1e0b36991352E56D2D3',
  value: '5'
} 1`] = `"+5  "`;

exports[`RoundedBalance > should match snapshot {
  compactLargeNumbers: false,
  showSign: true,
  tickerAsLink: false,
  ticker: undefined,
  tokenAddress: '0x8Bc2B030b299964eEfb5e1e0b36991352E56D2D3',
  value: '15000000'
} 1`] = `"+15,000,000  "`;

exports[`RoundedBalance > should match snapshot {
  compactLargeNumbers: false,
  showSign: true,
  tickerAsLink: false,
  ticker: undefined,
  tokenAddress: undefined,
  value: '-0.47956'
} 1`] = `"-0.47  "`;

exports[`RoundedBalance > should match snapshot {
  compactLargeNumbers: false,
  showSign: true,
  tickerAsLink: false,
  ticker: undefined,
  tokenAddress: undefined,
  value: '0.00000000000002231'
} 1`] = `"<+0.01  "`;

exports[`RoundedBalance > should match snapshot {
  compactLargeNumbers: false,
  showSign: true,
  tickerAsLink: false,
  ticker: undefined,
  tokenAddress: undefined,
  value: '0.2231'
} 1`] = `"+0.22  "`;

exports[`RoundedBalance > should match snapshot {
  compactLargeNumbers: false,
  showSign: true,
  tickerAsLink: false,
  ticker: undefined,
  tokenAddress: undefined,
  value: '5'
} 1`] = `"+5  "`;

exports[`RoundedBalance > should match snapshot {
  compactLargeNumbers: false,
  showSign: true,
  tickerAsLink: false,
  ticker: undefined,
  tokenAddress: undefined,
  value: '15000000'
} 1`] = `"+15,000,000  "`;

exports[`RoundedBalance > should match snapshot {
  compactLargeNumbers: false,
  showSign: true,
  tickerAsLink: true,
  ticker: 'wROSE',
  tokenAddress: '0x8Bc2B030b299964eEfb5e1e0b36991352E56D2D3',
  value: '-0.47956'
} 1`] = `"-0.47 wROSE http://localhost:3000/mainnet/sapphire/token/0x8Bc2B030b299964eEfb5e1e0b36991352E56D2D3"`;

exports[`RoundedBalance > should match snapshot {
  compactLargeNumbers: false,
  showSign: true,
  tickerAsLink: true,
  ticker: 'wROSE',
  tokenAddress: '0x8Bc2B030b299964eEfb5e1e0b36991352E56D2D3',
  value: '0.00000000000002231'
} 1`] = `"<+0.01 wROSE http://localhost:3000/mainnet/sapphire/token/0x8Bc2B030b299964eEfb5e1e0b36991352E56D2D3"`;

exports[`RoundedBalance > should match snapshot {
  compactLargeNumbers: false,
  showSign: true,
  tickerAsLink: true,
  ticker: 'wROSE',
  tokenAddress: '0x8Bc2B030b299964eEfb5e1e0b36991352E56D2D3',
  value: '0.2231'
} 1`] = `"+0.22 wROSE http://localhost:3000/mainnet/sapphire/token/0x8Bc2B030b299964eEfb5e1e0b36991352E56D2D3"`;

exports[`RoundedBalance > should match snapshot {
  compactLargeNumbers: false,
  showSign: true,
  tickerAsLink: true,
  ticker: 'wROSE',
  tokenAddress: '0x8Bc2B030b299964eEfb5e1e0b36991352E56D2D3',
  value: '5'
} 1`] = `"+5 wROSE http://localhost:3000/mainnet/sapphire/token/0x8Bc2B030b299964eEfb5e1e0b36991352E56D2D3"`;

exports[`RoundedBalance > should match snapshot {
  compactLargeNumbers: false,
  showSign: true,
  tickerAsLink: true,
  ticker: 'wROSE',
  tokenAddress: '0x8Bc2B030b299964eEfb5e1e0b36991352E56D2D3',
  value: '15000000'
} 1`] = `"+15,000,000 wROSE http://localhost:3000/mainnet/sapphire/token/0x8Bc2B030b299964eEfb5e1e0b36991352E56D2D3"`;

exports[`RoundedBalance > should match snapshot {
  compactLargeNumbers: false,
  showSign: true,
  tickerAsLink: true,
  ticker: 'wROSE',
  tokenAddress: undefined,
  value: '-0.47956'
} 1`] = `"-0.47 wROSE "`;

exports[`RoundedBalance > should match snapshot {
  compactLargeNumbers: false,
  showSign: true,
  tickerAsLink: true,
  ticker: 'wROSE',
  tokenAddress: undefined,
  value: '0.00000000000002231'
} 1`] = `"<+0.01 wROSE "`;

exports[`RoundedBalance > should match snapshot {
  compactLargeNumbers: false,
  showSign: true,
  tickerAsLink: true,
  ticker: 'wROSE',
  tokenAddress: undefined,
  value: '0.2231'
} 1`] = `"+0.22 wROSE "`;

exports[`RoundedBalance > should match snapshot {
  compactLargeNumbers: false,
  showSign: true,
  tickerAsLink: true,
  ticker: 'wROSE',
  tokenAddress: undefined,
  value: '5'
} 1`] = `"+5 wROSE "`;

exports[`RoundedBalance > should match snapshot {
  compactLargeNumbers: false,
  showSign: true,
  tickerAsLink: true,
  ticker: 'wROSE',
  tokenAddress: undefined,
  value: '15000000'
} 1`] = `"+15,000,000 wROSE "`;

exports[`RoundedBalance > should match snapshot {
  compactLargeNumbers: false,
  showSign: true,
  tickerAsLink: true,
  ticker: undefined,
  tokenAddress: '0x8Bc2B030b299964eEfb5e1e0b36991352E56D2D3',
  value: '-0.47956'
} 1`] = `"-0.47 0x8Bc2B030b299964eEfb5e1e0b36991352E56D2D3 http://localhost:3000/mainnet/sapphire/token/0x8Bc2B030b299964eEfb5e1e0b36991352E56D2D3"`;

exports[`RoundedBalance > should match snapshot {
  compactLargeNumbers: false,
  showSign: true,
  tickerAsLink: true,
  ticker: undefined,
  tokenAddress: '0x8Bc2B030b299964eEfb5e1e0b36991352E56D2D3',
  value: '0.00000000000002231'
} 1`] = `"<+0.01 0x8Bc2B030b299964eEfb5e1e0b36991352E56D2D3 http://localhost:3000/mainnet/sapphire/token/0x8Bc2B030b299964eEfb5e1e0b36991352E56D2D3"`;

exports[`RoundedBalance > should match snapshot {
  compactLargeNumbers: false,
  showSign: true,
  tickerAsLink: true,
  ticker: undefined,
  tokenAddress: '0x8Bc2B030b299964eEfb5e1e0b36991352E56D2D3',
  value: '0.2231'
} 1`] = `"+0.22 0x8Bc2B030b299964eEfb5e1e0b36991352E56D2D3 http://localhost:3000/mainnet/sapphire/token/0x8Bc2B030b299964eEfb5e1e0b36991352E56D2D3"`;

exports[`RoundedBalance > should match snapshot {
  compactLargeNumbers: false,
  showSign: true,
  tickerAsLink: true,
  ticker: undefined,
  tokenAddress: '0x8Bc2B030b299964eEfb5e1e0b36991352E56D2D3',
  value: '5'
} 1`] = `"+5 0x8Bc2B030b299964eEfb5e1e0b36991352E56D2D3 http://localhost:3000/mainnet/sapphire/token/0x8Bc2B030b299964eEfb5e1e0b36991352E56D2D3"`;

exports[`RoundedBalance > should match snapshot {
  compactLargeNumbers: false,
  showSign: true,
  tickerAsLink: true,
  ticker: undefined,
  tokenAddress: '0x8Bc2B030b299964eEfb5e1e0b36991352E56D2D3',
  value: '15000000'
} 1`] = `"+15,000,000 0x8Bc2B030b299964eEfb5e1e0b36991352E56D2D3 http://localhost:3000/mainnet/sapphire/token/0x8Bc2B030b299964eEfb5e1e0b36991352E56D2D3"`;

exports[`RoundedBalance > should match snapshot {
  compactLargeNumbers: false,
  showSign: true,
  tickerAsLink: true,
  ticker: undefined,
  tokenAddress: undefined,
  value: '-0.47956'
} 1`] = `"-0.47  "`;

exports[`RoundedBalance > should match snapshot {
  compactLargeNumbers: false,
  showSign: true,
  tickerAsLink: true,
  ticker: undefined,
  tokenAddress: undefined,
  value: '0.00000000000002231'
} 1`] = `"<+0.01  "`;

exports[`RoundedBalance > should match snapshot {
  compactLargeNumbers: false,
  showSign: true,
  tickerAsLink: true,
  ticker: undefined,
  tokenAddress: undefined,
  value: '0.2231'
} 1`] = `"+0.22  "`;

exports[`RoundedBalance > should match snapshot {
  compactLargeNumbers: false,
  showSign: true,
  tickerAsLink: true,
  ticker: undefined,
  tokenAddress: undefined,
  value: '5'
} 1`] = `"+5  "`;

exports[`RoundedBalance > should match snapshot {
  compactLargeNumbers: false,
  showSign: true,
  tickerAsLink: true,
  ticker: undefined,
  tokenAddress: undefined,
  value: '15000000'
} 1`] = `"+15,000,000  "`;

exports[`RoundedBalance > should match snapshot {
  compactLargeNumbers: true,
  showSign: false,
  tickerAsLink: false,
  ticker: 'wROSE',
  tokenAddress: '0x8Bc2B030b299964eEfb5e1e0b36991352E56D2D3',
  value: '-0.47956'
} 1`] = `"-0.47 wROSE "`;

exports[`RoundedBalance > should match snapshot {
  compactLargeNumbers: true,
  showSign: false,
  tickerAsLink: false,
  ticker: 'wROSE',
  tokenAddress: '0x8Bc2B030b299964eEfb5e1e0b36991352E56D2D3',
  value: '0.00000000000002231'
} 1`] = `"<0.01 wROSE "`;

exports[`RoundedBalance > should match snapshot {
  compactLargeNumbers: true,
  showSign: false,
  tickerAsLink: false,
  ticker: 'wROSE',
  tokenAddress: '0x8Bc2B030b299964eEfb5e1e0b36991352E56D2D3',
  value: '0.2231'
} 1`] = `"0.22 wROSE "`;

exports[`RoundedBalance > should match snapshot {
  compactLargeNumbers: true,
  showSign: false,
  tickerAsLink: false,
  ticker: 'wROSE',
  tokenAddress: '0x8Bc2B030b299964eEfb5e1e0b36991352E56D2D3',
  value: '5'
} 1`] = `"5 wROSE "`;

exports[`RoundedBalance > should match snapshot {
  compactLargeNumbers: true,
  showSign: false,
  tickerAsLink: false,
  ticker: 'wROSE',
  tokenAddress: '0x8Bc2B030b299964eEfb5e1e0b36991352E56D2D3',
  value: '15000000'
} 1`] = `"15M wROSE "`;

exports[`RoundedBalance > should match snapshot {
  compactLargeNumbers: true,
  showSign: false,
  tickerAsLink: false,
  ticker: 'wROSE',
  tokenAddress: undefined,
  value: '-0.47956'
} 1`] = `"-0.47 wROSE "`;

exports[`RoundedBalance > should match snapshot {
  compactLargeNumbers: true,
  showSign: false,
  tickerAsLink: false,
  ticker: 'wROSE',
  tokenAddress: undefined,
  value: '0.00000000000002231'
} 1`] = `"<0.01 wROSE "`;

exports[`RoundedBalance > should match snapshot {
  compactLargeNumbers: true,
  showSign: false,
  tickerAsLink: false,
  ticker: 'wROSE',
  tokenAddress: undefined,
  value: '0.2231'
} 1`] = `"0.22 wROSE "`;

exports[`RoundedBalance > should match snapshot {
  compactLargeNumbers: true,
  showSign: false,
  tickerAsLink: false,
  ticker: 'wROSE',
  tokenAddress: undefined,
  value: '5'
} 1`] = `"5 wROSE "`;

exports[`RoundedBalance > should match snapshot {
  compactLargeNumbers: true,
  showSign: false,
  tickerAsLink: false,
  ticker: 'wROSE',
  tokenAddress: undefined,
  value: '15000000'
} 1`] = `"15M wROSE "`;

exports[`RoundedBalance > should match snapshot {
  compactLargeNumbers: true,
  showSign: false,
  tickerAsLink: false,
  ticker: undefined,
  tokenAddress: '0x8Bc2B030b299964eEfb5e1e0b36991352E56D2D3',
  value: '-0.47956'
} 1`] = `"-0.47  "`;

exports[`RoundedBalance > should match snapshot {
  compactLargeNumbers: true,
  showSign: false,
  tickerAsLink: false,
  ticker: undefined,
  tokenAddress: '0x8Bc2B030b299964eEfb5e1e0b36991352E56D2D3',
  value: '0.00000000000002231'
} 1`] = `"<0.01  "`;

exports[`RoundedBalance > should match snapshot {
  compactLargeNumbers: true,
  showSign: false,
  tickerAsLink: false,
  ticker: undefined,
  tokenAddress: '0x8Bc2B030b299964eEfb5e1e0b36991352E56D2D3',
  value: '0.2231'
} 1`] = `"0.22  "`;

exports[`RoundedBalance > should match snapshot {
  compactLargeNumbers: true,
  showSign: false,
  tickerAsLink: false,
  ticker: undefined,
  tokenAddress: '0x8Bc2B030b299964eEfb5e1e0b36991352E56D2D3',
  value: '5'
} 1`] = `"5  "`;

exports[`RoundedBalance > should match snapshot {
  compactLargeNumbers: true,
  showSign: false,
  tickerAsLink: false,
  ticker: undefined,
  tokenAddress: '0x8Bc2B030b299964eEfb5e1e0b36991352E56D2D3',
  value: '15000000'
} 1`] = `"15M  "`;

exports[`RoundedBalance > should match snapshot {
  compactLargeNumbers: true,
  showSign: false,
  tickerAsLink: false,
  ticker: undefined,
  tokenAddress: undefined,
  value: '-0.47956'
} 1`] = `"-0.47  "`;

exports[`RoundedBalance > should match snapshot {
  compactLargeNumbers: true,
  showSign: false,
  tickerAsLink: false,
  ticker: undefined,
  tokenAddress: undefined,
  value: '0.00000000000002231'
} 1`] = `"<0.01  "`;

exports[`RoundedBalance > should match snapshot {
  compactLargeNumbers: true,
  showSign: false,
  tickerAsLink: false,
  ticker: undefined,
  tokenAddress: undefined,
  value: '0.2231'
} 1`] = `"0.22  "`;

exports[`RoundedBalance > should match snapshot {
  compactLargeNumbers: true,
  showSign: false,
  tickerAsLink: false,
  ticker: undefined,
  tokenAddress: undefined,
  value: '5'
} 1`] = `"5  "`;

exports[`RoundedBalance > should match snapshot {
  compactLargeNumbers: true,
  showSign: false,
  tickerAsLink: false,
  ticker: undefined,
  tokenAddress: undefined,
  value: '15000000'
} 1`] = `"15M  "`;

exports[`RoundedBalance > should match snapshot {
  compactLargeNumbers: true,
  showSign: false,
  tickerAsLink: true,
  ticker: 'wROSE',
  tokenAddress: '0x8Bc2B030b299964eEfb5e1e0b36991352E56D2D3',
  value: '-0.47956'
} 1`] = `"-0.47 wROSE http://localhost:3000/mainnet/sapphire/token/0x8Bc2B030b299964eEfb5e1e0b36991352E56D2D3"`;

exports[`RoundedBalance > should match snapshot {
  compactLargeNumbers: true,
  showSign: false,
  tickerAsLink: true,
  ticker: 'wROSE',
  tokenAddress: '0x8Bc2B030b299964eEfb5e1e0b36991352E56D2D3',
  value: '0.00000000000002231'
} 1`] = `"<0.01 wROSE http://localhost:3000/mainnet/sapphire/token/0x8Bc2B030b299964eEfb5e1e0b36991352E56D2D3"`;

exports[`RoundedBalance > should match snapshot {
  compactLargeNumbers: true,
  showSign: false,
  tickerAsLink: true,
  ticker: 'wROSE',
  tokenAddress: '0x8Bc2B030b299964eEfb5e1e0b36991352E56D2D3',
  value: '0.2231'
} 1`] = `"0.22 wROSE http://localhost:3000/mainnet/sapphire/token/0x8Bc2B030b299964eEfb5e1e0b36991352E56D2D3"`;

exports[`RoundedBalance > should match snapshot {
  compactLargeNumbers: true,
  showSign: false,
  tickerAsLink: true,
  ticker: 'wROSE',
  tokenAddress: '0x8Bc2B030b299964eEfb5e1e0b36991352E56D2D3',
  value: '5'
} 1`] = `"5 wROSE http://localhost:3000/mainnet/sapphire/token/0x8Bc2B030b299964eEfb5e1e0b36991352E56D2D3"`;

exports[`RoundedBalance > should match snapshot {
  compactLargeNumbers: true,
  showSign: false,
  tickerAsLink: true,
  ticker: 'wROSE',
  tokenAddress: '0x8Bc2B030b299964eEfb5e1e0b36991352E56D2D3',
  value: '15000000'
} 1`] = `"15M wROSE http://localhost:3000/mainnet/sapphire/token/0x8Bc2B030b299964eEfb5e1e0b36991352E56D2D3"`;

exports[`RoundedBalance > should match snapshot {
  compactLargeNumbers: true,
  showSign: false,
  tickerAsLink: true,
  ticker: 'wROSE',
  tokenAddress: undefined,
  value: '-0.47956'
} 1`] = `"-0.47 wROSE "`;

exports[`RoundedBalance > should match snapshot {
  compactLargeNumbers: true,
  showSign: false,
  tickerAsLink: true,
  ticker: 'wROSE',
  tokenAddress: undefined,
  value: '0.00000000000002231'
} 1`] = `"<0.01 wROSE "`;

exports[`RoundedBalance > should match snapshot {
  compactLargeNumbers: true,
  showSign: false,
  tickerAsLink: true,
  ticker: 'wROSE',
  tokenAddress: undefined,
  value: '0.2231'
} 1`] = `"0.22 wROSE "`;

exports[`RoundedBalance > should match snapshot {
  compactLargeNumbers: true,
  showSign: false,
  tickerAsLink: true,
  ticker: 'wROSE',
  tokenAddress: undefined,
  value: '5'
} 1`] = `"5 wROSE "`;

exports[`RoundedBalance > should match snapshot {
  compactLargeNumbers: true,
  showSign: false,
  tickerAsLink: true,
  ticker: 'wROSE',
  tokenAddress: undefined,
  value: '15000000'
} 1`] = `"15M wROSE "`;

exports[`RoundedBalance > should match snapshot {
  compactLargeNumbers: true,
  showSign: false,
  tickerAsLink: true,
  ticker: undefined,
  tokenAddress: '0x8Bc2B030b299964eEfb5e1e0b36991352E56D2D3',
  value: '-0.47956'
} 1`] = `"-0.47 0x8Bc2B030b299964eEfb5e1e0b36991352E56D2D3 http://localhost:3000/mainnet/sapphire/token/0x8Bc2B030b299964eEfb5e1e0b36991352E56D2D3"`;

exports[`RoundedBalance > should match snapshot {
  compactLargeNumbers: true,
  showSign: false,
  tickerAsLink: true,
  ticker: undefined,
  tokenAddress: '0x8Bc2B030b299964eEfb5e1e0b36991352E56D2D3',
  value: '0.00000000000002231'
} 1`] = `"<0.01 0x8Bc2B030b299964eEfb5e1e0b36991352E56D2D3 http://localhost:3000/mainnet/sapphire/token/0x8Bc2B030b299964eEfb5e1e0b36991352E56D2D3"`;

exports[`RoundedBalance > should match snapshot {
  compactLargeNumbers: true,
  showSign: false,
  tickerAsLink: true,
  ticker: undefined,
  tokenAddress: '0x8Bc2B030b299964eEfb5e1e0b36991352E56D2D3',
  value: '0.2231'
} 1`] = `"0.22 0x8Bc2B030b299964eEfb5e1e0b36991352E56D2D3 http://localhost:3000/mainnet/sapphire/token/0x8Bc2B030b299964eEfb5e1e0b36991352E56D2D3"`;

exports[`RoundedBalance > should match snapshot {
  compactLargeNumbers: true,
  showSign: false,
  tickerAsLink: true,
  ticker: undefined,
  tokenAddress: '0x8Bc2B030b299964eEfb5e1e0b36991352E56D2D3',
  value: '5'
} 1`] = `"5 0x8Bc2B030b299964eEfb5e1e0b36991352E56D2D3 http://localhost:3000/mainnet/sapphire/token/0x8Bc2B030b299964eEfb5e1e0b36991352E56D2D3"`;

exports[`RoundedBalance > should match snapshot {
  compactLargeNumbers: true,
  showSign: false,
  tickerAsLink: true,
  ticker: undefined,
  tokenAddress: '0x8Bc2B030b299964eEfb5e1e0b36991352E56D2D3',
  value: '15000000'
} 1`] = `"15M 0x8Bc2B030b299964eEfb5e1e0b36991352E56D2D3 http://localhost:3000/mainnet/sapphire/token/0x8Bc2B030b299964eEfb5e1e0b36991352E56D2D3"`;

exports[`RoundedBalance > should match snapshot {
  compactLargeNumbers: true,
  showSign: false,
  tickerAsLink: true,
  ticker: undefined,
  tokenAddress: undefined,
  value: '-0.47956'
} 1`] = `"-0.47  "`;

exports[`RoundedBalance > should match snapshot {
  compactLargeNumbers: true,
  showSign: false,
  tickerAsLink: true,
  ticker: undefined,
  tokenAddress: undefined,
  value: '0.00000000000002231'
} 1`] = `"<0.01  "`;

exports[`RoundedBalance > should match snapshot {
  compactLargeNumbers: true,
  showSign: false,
  tickerAsLink: true,
  ticker: undefined,
  tokenAddress: undefined,
  value: '0.2231'
} 1`] = `"0.22  "`;

exports[`RoundedBalance > should match snapshot {
  compactLargeNumbers: true,
  showSign: false,
  tickerAsLink: true,
  ticker: undefined,
  tokenAddress: undefined,
  value: '5'
} 1`] = `"5  "`;

exports[`RoundedBalance > should match snapshot {
  compactLargeNumbers: true,
  showSign: false,
  tickerAsLink: true,
  ticker: undefined,
  tokenAddress: undefined,
  value: '15000000'
} 1`] = `"15M  "`;

exports[`RoundedBalance > should match snapshot {
  compactLargeNumbers: true,
  showSign: true,
  tickerAsLink: false,
  ticker: 'wROSE',
  tokenAddress: '0x8Bc2B030b299964eEfb5e1e0b36991352E56D2D3',
  value: '-0.47956'
} 1`] = `"-0.47 wROSE "`;

exports[`RoundedBalance > should match snapshot {
  compactLargeNumbers: true,
  showSign: true,
  tickerAsLink: false,
  ticker: 'wROSE',
  tokenAddress: '0x8Bc2B030b299964eEfb5e1e0b36991352E56D2D3',
  value: '0.00000000000002231'
} 1`] = `"<+0.01 wROSE "`;

exports[`RoundedBalance > should match snapshot {
  compactLargeNumbers: true,
  showSign: true,
  tickerAsLink: false,
  ticker: 'wROSE',
  tokenAddress: '0x8Bc2B030b299964eEfb5e1e0b36991352E56D2D3',
  value: '0.2231'
} 1`] = `"+0.22 wROSE "`;

exports[`RoundedBalance > should match snapshot {
  compactLargeNumbers: true,
  showSign: true,
  tickerAsLink: false,
  ticker: 'wROSE',
  tokenAddress: '0x8Bc2B030b299964eEfb5e1e0b36991352E56D2D3',
  value: '5'
} 1`] = `"+5 wROSE "`;

exports[`RoundedBalance > should match snapshot {
  compactLargeNumbers: true,
  showSign: true,
  tickerAsLink: false,
  ticker: 'wROSE',
  tokenAddress: '0x8Bc2B030b299964eEfb5e1e0b36991352E56D2D3',
  value: '15000000'
} 1`] = `"+15M wROSE "`;

exports[`RoundedBalance > should match snapshot {
  compactLargeNumbers: true,
  showSign: true,
  tickerAsLink: false,
  ticker: 'wROSE',
  tokenAddress: undefined,
  value: '-0.47956'
} 1`] = `"-0.47 wROSE "`;

exports[`RoundedBalance > should match snapshot {
  compactLargeNumbers: true,
  showSign: true,
  tickerAsLink: false,
  ticker: 'wROSE',
  tokenAddress: undefined,
  value: '0.00000000000002231'
} 1`] = `"<+0.01 wROSE "`;

exports[`RoundedBalance > should match snapshot {
  compactLargeNumbers: true,
  showSign: true,
  tickerAsLink: false,
  ticker: 'wROSE',
  tokenAddress: undefined,
  value: '0.2231'
} 1`] = `"+0.22 wROSE "`;

exports[`RoundedBalance > should match snapshot {
  compactLargeNumbers: true,
  showSign: true,
  tickerAsLink: false,
  ticker: 'wROSE',
  tokenAddress: undefined,
  value: '5'
} 1`] = `"+5 wROSE "`;

exports[`RoundedBalance > should match snapshot {
  compactLargeNumbers: true,
  showSign: true,
  tickerAsLink: false,
  ticker: 'wROSE',
  tokenAddress: undefined,
  value: '15000000'
} 1`] = `"+15M wROSE "`;

exports[`RoundedBalance > should match snapshot {
  compactLargeNumbers: true,
  showSign: true,
  tickerAsLink: false,
  ticker: undefined,
  tokenAddress: '0x8Bc2B030b299964eEfb5e1e0b36991352E56D2D3',
  value: '-0.47956'
} 1`] = `"-0.47  "`;

exports[`RoundedBalance > should match snapshot {
  compactLargeNumbers: true,
  showSign: true,
  tickerAsLink: false,
  ticker: undefined,
  tokenAddress: '0x8Bc2B030b299964eEfb5e1e0b36991352E56D2D3',
  value: '0.00000000000002231'
} 1`] = `"<+0.01  "`;

exports[`RoundedBalance > should match snapshot {
  compactLargeNumbers: true,
  showSign: true,
  tickerAsLink: false,
  ticker: undefined,
  tokenAddress: '0x8Bc2B030b299964eEfb5e1e0b36991352E56D2D3',
  value: '0.2231'
} 1`] = `"+0.22  "`;

exports[`RoundedBalance > should match snapshot {
  compactLargeNumbers: true,
  showSign: true,
  tickerAsLink: false,
  ticker: undefined,
  tokenAddress: '0x8Bc2B030b299964eEfb5e1e0b36991352E56D2D3',
  value: '5'
} 1`] = `"+5  "`;

exports[`RoundedBalance > should match snapshot {
  compactLargeNumbers: true,
  showSign: true,
  tickerAsLink: false,
  ticker: undefined,
  tokenAddress: '0x8Bc2B030b299964eEfb5e1e0b36991352E56D2D3',
  value: '15000000'
} 1`] = `"+15M  "`;

exports[`RoundedBalance > should match snapshot {
  compactLargeNumbers: true,
  showSign: true,
  tickerAsLink: false,
  ticker: undefined,
  tokenAddress: undefined,
  value: '-0.47956'
} 1`] = `"-0.47  "`;

exports[`RoundedBalance > should match snapshot {
  compactLargeNumbers: true,
  showSign: true,
  tickerAsLink: false,
  ticker: undefined,
  tokenAddress: undefined,
  value: '0.00000000000002231'
} 1`] = `"<+0.01  "`;

exports[`RoundedBalance > should match snapshot {
  compactLargeNumbers: true,
  showSign: true,
  tickerAsLink: false,
  ticker: undefined,
  tokenAddress: undefined,
  value: '0.2231'
} 1`] = `"+0.22  "`;

exports[`RoundedBalance > should match snapshot {
  compactLargeNumbers: true,
  showSign: true,
  tickerAsLink: false,
  ticker: undefined,
  tokenAddress: undefined,
  value: '5'
} 1`] = `"+5  "`;

exports[`RoundedBalance > should match snapshot {
  compactLargeNumbers: true,
  showSign: true,
  tickerAsLink: false,
  ticker: undefined,
  tokenAddress: undefined,
  value: '15000000'
} 1`] = `"+15M  "`;

exports[`RoundedBalance > should match snapshot {
  compactLargeNumbers: true,
  showSign: true,
  tickerAsLink: true,
  ticker: 'wROSE',
  tokenAddress: '0x8Bc2B030b299964eEfb5e1e0b36991352E56D2D3',
  value: '-0.47956'
} 1`] = `"-0.47 wROSE http://localhost:3000/mainnet/sapphire/token/0x8Bc2B030b299964eEfb5e1e0b36991352E56D2D3"`;

exports[`RoundedBalance > should match snapshot {
  compactLargeNumbers: true,
  showSign: true,
  tickerAsLink: true,
  ticker: 'wROSE',
  tokenAddress: '0x8Bc2B030b299964eEfb5e1e0b36991352E56D2D3',
  value: '0.00000000000002231'
} 1`] = `"<+0.01 wROSE http://localhost:3000/mainnet/sapphire/token/0x8Bc2B030b299964eEfb5e1e0b36991352E56D2D3"`;

exports[`RoundedBalance > should match snapshot {
  compactLargeNumbers: true,
  showSign: true,
  tickerAsLink: true,
  ticker: 'wROSE',
  tokenAddress: '0x8Bc2B030b299964eEfb5e1e0b36991352E56D2D3',
  value: '0.2231'
} 1`] = `"+0.22 wROSE http://localhost:3000/mainnet/sapphire/token/0x8Bc2B030b299964eEfb5e1e0b36991352E56D2D3"`;

exports[`RoundedBalance > should match snapshot {
  compactLargeNumbers: true,
  showSign: true,
  tickerAsLink: true,
  ticker: 'wROSE',
  tokenAddress: '0x8Bc2B030b299964eEfb5e1e0b36991352E56D2D3',
  value: '5'
} 1`] = `"+5 wROSE http://localhost:3000/mainnet/sapphire/token/0x8Bc2B030b299964eEfb5e1e0b36991352E56D2D3"`;

exports[`RoundedBalance > should match snapshot {
  compactLargeNumbers: true,
  showSign: true,
  tickerAsLink: true,
  ticker: 'wROSE',
  tokenAddress: '0x8Bc2B030b299964eEfb5e1e0b36991352E56D2D3',
  value: '15000000'
} 1`] = `"+15M wROSE http://localhost:3000/mainnet/sapphire/token/0x8Bc2B030b299964eEfb5e1e0b36991352E56D2D3"`;

exports[`RoundedBalance > should match snapshot {
  compactLargeNumbers: true,
  showSign: true,
  tickerAsLink: true,
  ticker: 'wROSE',
  tokenAddress: undefined,
  value: '-0.47956'
} 1`] = `"-0.47 wROSE "`;

exports[`RoundedBalance > should match snapshot {
  compactLargeNumbers: true,
  showSign: true,
  tickerAsLink: true,
  ticker: 'wROSE',
  tokenAddress: undefined,
  value: '0.00000000000002231'
} 1`] = `"<+0.01 wROSE "`;

exports[`RoundedBalance > should match snapshot {
  compactLargeNumbers: true,
  showSign: true,
  tickerAsLink: true,
  ticker: 'wROSE',
  tokenAddress: undefined,
  value: '0.2231'
} 1`] = `"+0.22 wROSE "`;

exports[`RoundedBalance > should match snapshot {
  compactLargeNumbers: true,
  showSign: true,
  tickerAsLink: true,
  ticker: 'wROSE',
  tokenAddress: undefined,
  value: '5'
} 1`] = `"+5 wROSE "`;

exports[`RoundedBalance > should match snapshot {
  compactLargeNumbers: true,
  showSign: true,
  tickerAsLink: true,
  ticker: 'wROSE',
  tokenAddress: undefined,
  value: '15000000'
} 1`] = `"+15M wROSE "`;

exports[`RoundedBalance > should match snapshot {
  compactLargeNumbers: true,
  showSign: true,
  tickerAsLink: true,
  ticker: undefined,
  tokenAddress: '0x8Bc2B030b299964eEfb5e1e0b36991352E56D2D3',
  value: '-0.47956'
} 1`] = `"-0.47 0x8Bc2B030b299964eEfb5e1e0b36991352E56D2D3 http://localhost:3000/mainnet/sapphire/token/0x8Bc2B030b299964eEfb5e1e0b36991352E56D2D3"`;

exports[`RoundedBalance > should match snapshot {
  compactLargeNumbers: true,
  showSign: true,
  tickerAsLink: true,
  ticker: undefined,
  tokenAddress: '0x8Bc2B030b299964eEfb5e1e0b36991352E56D2D3',
  value: '0.00000000000002231'
} 1`] = `"<+0.01 0x8Bc2B030b299964eEfb5e1e0b36991352E56D2D3 http://localhost:3000/mainnet/sapphire/token/0x8Bc2B030b299964eEfb5e1e0b36991352E56D2D3"`;

exports[`RoundedBalance > should match snapshot {
  compactLargeNumbers: true,
  showSign: true,
  tickerAsLink: true,
  ticker: undefined,
  tokenAddress: '0x8Bc2B030b299964eEfb5e1e0b36991352E56D2D3',
  value: '0.2231'
} 1`] = `"+0.22 0x8Bc2B030b299964eEfb5e1e0b36991352E56D2D3 http://localhost:3000/mainnet/sapphire/token/0x8Bc2B030b299964eEfb5e1e0b36991352E56D2D3"`;

exports[`RoundedBalance > should match snapshot {
  compactLargeNumbers: true,
  showSign: true,
  tickerAsLink: true,
  ticker: undefined,
  tokenAddress: '0x8Bc2B030b299964eEfb5e1e0b36991352E56D2D3',
  value: '5'
} 1`] = `"+5 0x8Bc2B030b299964eEfb5e1e0b36991352E56D2D3 http://localhost:3000/mainnet/sapphire/token/0x8Bc2B030b299964eEfb5e1e0b36991352E56D2D3"`;

exports[`RoundedBalance > should match snapshot {
  compactLargeNumbers: true,
  showSign: true,
  tickerAsLink: true,
  ticker: undefined,
  tokenAddress: '0x8Bc2B030b299964eEfb5e1e0b36991352E56D2D3',
  value: '15000000'
} 1`] = `"+15M 0x8Bc2B030b299964eEfb5e1e0b36991352E56D2D3 http://localhost:3000/mainnet/sapphire/token/0x8Bc2B030b299964eEfb5e1e0b36991352E56D2D3"`;

exports[`RoundedBalance > should match snapshot {
  compactLargeNumbers: true,
  showSign: true,
  tickerAsLink: true,
  ticker: undefined,
  tokenAddress: undefined,
  value: '-0.47956'
} 1`] = `"-0.47  "`;

exports[`RoundedBalance > should match snapshot {
  compactLargeNumbers: true,
  showSign: true,
  tickerAsLink: true,
  ticker: undefined,
  tokenAddress: undefined,
  value: '0.00000000000002231'
} 1`] = `"<+0.01  "`;

exports[`RoundedBalance > should match snapshot {
  compactLargeNumbers: true,
  showSign: true,
  tickerAsLink: true,
  ticker: undefined,
  tokenAddress: undefined,
  value: '0.2231'
} 1`] = `"+0.22  "`;

exports[`RoundedBalance > should match snapshot {
  compactLargeNumbers: true,
  showSign: true,
  tickerAsLink: true,
  ticker: undefined,
  tokenAddress: undefined,
  value: '5'
} 1`] = `"+5  "`;

exports[`RoundedBalance > should match snapshot {
  compactLargeNumbers: true,
  showSign: true,
  tickerAsLink: true,
  ticker: undefined,
  tokenAddress: undefined,
  value: '15000000'
} 1`] = `"+15M  "`;
